 -0.009129, -0.537012, 0.675376, 1.59286, 0.347975, 0.293371, 0.787257
[aliengo_node-1] [INFO] [1755679021.679773181] [aliengo_node]: Applying Joystick CmdVel: vx=0.78, vy=0.00, wz=-0.00
^C[WARNING] [launch]: user interrupted with ctrl-c (SIGINT)
[aliengo_node-1] [INFO] [1755679022.023612034] [rclcpp]: signal_handler(signal_value=2)
[aliengo_node-1] [Loop End] named: udp_send
[aliengo_node-1] [Warning] Loop udp_send shutdown nothing.
[aliengo_node-1] [Loop End] named: udp_recv
[aliengo_node-1] [Warning] Loop udp_recv shutdown nothing.
[aliengo_node-1] [Loop End] named: control_loop
[aliengo_node-1] [Warning] Loop control_loop shutdown nothing.
[aliengo_node-1] [SDK1] dtor: stopping...
[aliengo_node-1] End Safety.
[aliengo_node-1] Closing UDP.
[INFO] [aliengo_node-1]: process has finished cleanly [pid 46957]
nhy@nhy-ThinkPad-P16-Gen-2:~/Projects/Legged$ ^C
nhy@nhy-ThinkPad-P16-Gen-2:~/Projects/Legged$ ^C
nhy@nhy-ThinkPad-P16-Gen-2:~/Projects/Legged$ ^C
nhy@nhy-ThinkPad-P16-Gen-2:~/Projects/Legged$ ^C
nhy@nhy-ThinkPad-P16-Gen-2:~/Projects/Legged$ ^C
nhy@nhy-ThinkPad-P16-Gen-2:~/Projects/Legged$ ^C
nhy@nhy-ThinkPad-P16-Gen-2:~/Projects/Legged$ ^C
nhy@nhy-ThinkPad-P16-Gen-2:~/Projects/Legged$ ^C
nhy@nhy-ThinkPad-P16-Gen-2:~/Projects/Legged$ ^C
nhy@nhy-ThinkPad-P16-Gen-2:~/Projects/Legged$ ^C
nhy@nhy-ThinkPad-P16-Gen-2:~/Projects/Legged$ ^C
nhy@nhy-ThinkPad-P16-Gen-2:~/Projects/Legged$ colcon build --symlink-install
Starting >>> unitree_control
Finished <<< unitree_control [0.11s]                  

Summary: 1 package finished [0.27s]
nhy@nhy-ThinkPad-P16-Gen-2:~/Projects/Legged$ ros2 launch unitree_control sdk1_velocity.launch.py 
[INFO] [launch]: All log files can be found below /home/nhy/.ros/log/2025-08-20-16-41-30-305117-nhy-ThinkPad-P16-Gen-2-48810
[INFO] [launch]: Default logging verbosity is set to INFO
[INFO] [aliengo_node-1]: process started with pid [48815]
[aliengo_node-1] UDP Initialized. Port: 8082 
[aliengo_node-1] [SDK1] local_port=8082 target_ip=192.168.123.10 target_port=8007
[aliengo_node-1] [SDK1]Parseing dft_dof_pos: 
[aliengo_node-1] 0, 0.8, -1.5, 0, 0.8, -1.5, 0, 0.8, -1.5, 0, 0.8, -1.5, 
[aliengo_node-1] [SDK1]Parseing joint_idx_sdk2policy: 
[aliengo_node-1] 3, 4, 5, 0, 1, 2, 9, 10, 11, 6, 7, 8, 
[aliengo_node-1] [SDK1] Computed joint_idx_policy2sdk: 3, 4, 5, 0, 1, 2, 9, 10, 11, 6, 7, 8
[aliengo_node-1] [SDK1] Load config: /home/nhy/Projects/Legged/install/unitree_control/share/unitree_control/config/sdk1_config.ini [OK]
[aliengo_node-1] [SDK1] ensureObsBuffers: obs_size=270 history_steps=6 total=270
[aliengo_node-1] [SDK1] Observation buffers prepared: obs_size=45 history_steps=6
[aliengo_node-1] [SDK1] Load onnx_path: /home/nhy/Projects/Legged/install/unitree_control/share/unitree_control/config/policy_aliengo.onnx
[aliengo_node-1] ONNX loaded: policy_aliengo.onnx input=obs output=action
[aliengo_node-1] [Loop Start] named: udp_send, period: 2(ms), run at cpu: 3 
[aliengo_node-1] [Loop Start] named: udp_recv, period: 2(ms), run at cpu: 3 
[aliengo_node-1] [SDK1] Waiting for joystick to reset and begin loop_control...
[aliengo_node-1] current joint pos: -0.192643, 1.30126, -2.79439, 0.187371, 1.30861, -2.80053, -0.210896, 1.31656, -2.79435, 0.193051, 1.30033, -2.80862, 
[aliengo_node-1] current cmd pos: 2.146e+09, 2.146e+09, 2.146e+09, 2.146e+09, 2.146e+09, 2.146e+09, 2.146e+09, 2.146e+09, 2.146e+09, 2.146e+09, 2.146e+09, 2.146e+09, 
[aliengo_node-1] current joint pos: -0.192619, 1.30126, -2.79401, 0.187323, 1.3086, -2.80053, -0.210824, 1.31654, -2.79478, 0.193039, 1.30028, -2.80812, 
[aliengo_node-1] current cmd pos: 2.146e+09, 2.146e+09, 2.146e+09, 2.146e+09, 2.146e+09, 2.146e+09, 2.146e+09, 2.146e+09, 2.146e+09, 2.146e+09, 2.146e+09, 2.146e+09, 
[aliengo_node-1] current joint pos: -0.192619, 1.30125, -2.79397, 0.187299, 1.3086, -2.80061, -0.210728, 1.31654, -2.79474, 0.193051, 1.30028, -2.8082, 
[aliengo_node-1] current cmd pos: 2.146e+09, 2.146e+09, 2.146e+09, 2.146e+09, 2.146e+09, 2.146e+09, 2.146e+09, 2.146e+09, 2.146e+09, 2.146e+09, 2.146e+09, 2.146e+09, 
[aliengo_node-1] current joint pos: -0.192619, 1.30125, -2.79405, 0.187275, 1.3086, -2.80049, -0.210752, 1.31654, -2.79474, 0.193039, 1.30028, -2.8082, 
[aliengo_node-1] current cmd pos: 2.146e+09, 2.146e+09, 2.146e+09, 2.146e+09, 2.146e+09, 2.146e+09, 2.146e+09, 2.146e+09, 2.146e+09, 2.146e+09, 2.146e+09, 2.146e+09, 
[aliengo_node-1] [-0.192607|0], [1.30125|0.8], [-2.79439|-1.5], [0.187275|0], [1.3086|0.8], [-2.80053|-1.5], [-0.21074|0], [1.31654|0.8], [-2.79478|-1.5], [0.193039|0], [1.30028|0.8], [-2.80858|-1.5], 
[aliengo_node-1] current joint pos: -0.0555798, 0.836762, -1.89283, 0.0670254, 0.839315, -1.87059, -0.0839106, 0.861509, -2.01363, 0.07805, 0.844156, -1.99431, 
[aliengo_node-1] current cmd pos: -0.0275154, 0.871607, -1.68491, 0.0267536, 0.872657, -1.68579, -0.0301057, 0.873792, -1.68497, 0.027577, 0.871469, -1.68694, 
[aliengo_node-1] current joint pos: -0.0441828, 0.78514, -1.6163, 0.0543938, 0.794799, -1.61319, -0.0601342, 0.774414, -1.63585, 0.0569341, 0.766193, -1.63164, 
[aliengo_node-1] current cmd pos: 0, 0.8, -1.5, 0, 0.8, -1.5, 0, 0.8, -1.5, 0, 0.8, -1.5, 
[aliengo_node-1] [INFO] [1755679297.311316825] [aliengo_node]: VelocityNode started. rate=15Hz, stale_timeout=0.50s
[aliengo_node-1] [INFO] [1755679297.378185576] [aliengo_node]: Applying Joystick CmdVel: vx=0.00, vy=0.00, wz=-0.00
[aliengo_node-1] [Loop Start] named: control_loop, period: 19(ms), cpu unspecified
[aliengo_node-1] current joint pos: -0.038897, 0.761255, -1.56985, 0.0405629, 0.74874, -1.54938, -0.0594751, 0.713458, -1.54255, 0.0460148, 0.699783, -1.52383, 
[aliengo_node-1] current cmd pos: 0.117728, 0.848017, -1.32122, -0.141907, 0.764357, -1.30979, 0.124308, 0.683735, -1.28008, -0.124723, 0.726546, -1.26823, 
[aliengo_node-1] 0.00106781 0.00123396 -0.000101571 0.00220451 -0.00173003 0.00242356 0.0141479 -0.0200416 -0.999699 0.0373282 -0.157617 0.00872421 -0.0378072 -0.125954 -0.0357612 0.0393772 -0.192203 0.00945246 -0.0578572 -0.174251 -0.0162029 0 0 -0.000273438 0 -0 -0.00304688 -0 0 -0.00261719 -0 -0 0.00390625 -0.391425 -0.403512 0.650773 0.118345 0.0570896 0.271867 -0.236741 -0.206464 0.319008 0.395418 -0.378977 0.596688 
[aliengo_node-1] ONNX infer out: -0.395423, -0.408975, 0.647732, 0.114565, 0.0557072, 0.269842, -0.235413, -0.209727, 0.313158, 0.403696, -0.379187, 0.598043
[aliengo_node-1] [INFO] [1755679298.378685798] [aliengo_node]: Applying Joystick CmdVel: vx=0.00, vy=0.00, wz=-0.00
[aliengo_node-1] current joint pos: -0.0378312, 0.673914, -1.53538, 0.0373163, 0.641436, -1.49128, -0.0578452, 0.625222, -1.5162, 0.0393892, 0.607797, -1.49285, 
[aliengo_node-1] current cmd pos: 0.0571914, 0.828019, -1.3662, -0.197115, 0.594681, -1.17297, 0.199662, 0.6094, -1.20128, -0.118721, 0.697709, -1.34437, 
[aliengo_node-1] 1.46183 0.000616979 -0.000101571 0.0155203 -0.0121164 -0.000505912 0.0134673 -0.0254232 -0.999586 0.0345719 0.0955547 0.0308517 -0.02659 0.13787 0.00588632 0.0391375 0.0574335 0.0403621 -0.0574375 0.0906197 -0.0185806 0 0.0410045 0.0149609 0 0.0324598 0.0258984 -0 0.0373214 0.0305078 0.000245536 0.0642321 -0.0255469 -0.217321 0.0577335 0.381605 0.440899 0.200446 0.916253 -0.392811 0.200156 0.696371 0.17876 0.124706 -0.0188422 
[aliengo_node-1] ONNX infer out: -0.146923, -0.0098856, 0.107121, 0.487962, 0.191394, 1.04481, -0.447696, 0.226957, 0.896383, 0.114509, 0.102841, -0.328512
[aliengo_node-1] [INFO] [1755679299.379232411] [aliengo_node]: Applying Joystick CmdVel: vx=0.59, vy=0.00, wz=-0.00
[aliengo_node-1] current joint pos: -0.0265301, 0.989484, -1.42869, -0.00607184, 0.737077, -1.73437, -0.00582226, 0.743236, -1.85679, 0.0391974, 0.878555, -1.34229, 
[aliengo_node-1] current cmd pos: 0.193242, 0.731331, -0.971678, -0.049132, 0.488888, -1.604, -0.00661219, 0.577101, -1.79229, -0.232436, 0.73247, -0.97854, 
[aliengo_node-1] 1.02296 0.00123396 -0.000101571 0.0346951 0.0510006 0.0397078 0.0476789 -0.00409064 -0.998854 -0.0293879 -0.0743203 0.00155294 -0.00174807 0.0529067 -0.248409 -0.0313363 -0.0694548 -0.470108 0.0837841 -0.0737347 0.0753373 -4.91071e-05 0.0634464 0.00554687 -0.012817 -0.317085 -0.0932813 0.0535268 -0.168585 0.0164453 -0 0.0390893 0.0157813 -0.396815 -0.348184 0.840314 -0.0104814 -0.451843 -0.603184 -0.000157353 -0.316907 -0.749479 0.468846 -0.232706 0.901207 
[aliengo_node-1] ONNX infer out: -0.274215, -0.308574, 0.810809, -0.00480717, -0.596576, -0.102988, -0.0620924, -0.358448, -0.423624, 0.453961, -0.289064, 0.886635
[aliengo_node-1] [INFO] [1755679300.379756017] [aliengo_node]: Applying Joystick CmdVel: vx=0.05, vy=0.00, wz=-0.00
[aliengo_node-1] current joint pos: 0.0376452, 0.55882, -1.47248, -0.0166008, 0.83315, -1.48303, 0.0957555, 0.797423, -1.40058, -0.0883489, 0.620321, -1.55632, 
[aliengo_node-1] current cmd pos: 0.045097, 0.423704, -1.14982, -0.0519531, 0.514838, -1.36664, 0.0773355, 0.644095, -1.61012, -0.148871, 0.61865, -1.42684, 
[aliengo_node-1] 1.6 0.00123396 -0.000101571 -0.198864 -0.0320901 -0.0202133 0.040922 -0.0292825 -0.998733 0.00757579 0.0640885 0.0315804 0.0208422 -0.249757 0.0555106 -0.0794453 -0.144007 -0.0936311 0.0822163 0.0936623 0.150924 0.0323616 0.0852009 0.00539062 -0.00859375 0.0654107 -0.0684375 0.00795536 0.078817 0.356328 0.0161563 0.0495982 0.000429688 -0.18867 0.192428 0.512907 0.326048 -0.248386 1.29334 -0.193119 -0.122191 0.44848 0.204016 -0.108994 0.425002 
[aliengo_node-1] ONNX infer out: -0.15801, 0.0202159, 0.184747, 0.28616, -0.0519289, 1.08314, -0.412248, -0.113179, 0.865216, 0.0925284, -0.0261368, -0.189264
[aliengo_node-1] [INFO] [1755679301.380303831] [aliengo_node]: Applying Joystick CmdVel: vx=0.80, vy=0.00, wz=-0.00
[aliengo_node-1] current joint pos: 0.0289215, 0.725679, -1.43801, 0.0271046, 0.753134, -1.73322, 0.0341628, 0.749429, -1.85345, -0.111001, 0.788801, -1.37703, 
[aliengo_node-1] current cmd pos: 0.236181, 0.821975, -1.00671, 0.0119358, 0.467702, -1.73396, -0.0273559, 0.599039, -1.83438, -0.274274, 0.781391, -0.92157, 
[aliengo_node-1] 0.00106781 0.00123396 -0.000101571 -0.00578497 -0.00306161 -0.0084954 0.0134323 -0.00435186 -0.9999 -0.0178474 -0.181946 -0.00316417 0.0317252 -0.0429528 0.0651364 -0.113302 0.0144284 0.0298543 0.0956367 -0.185001 0.0172379 -0.00127679 -0.012375 -0.00699219 0 -0.0137991 0.0009375 -4.91071e-05 -0.00427232 0.00390625 -0 -0.00741518 -0.00773438 -0.174466 -0.166235 0.467715 0.231366 -0.0451589 0.555816 -0.331169 -0.226825 0.403616 0.209944 -0.235321 0.344522 
[aliengo_node-1] ONNX infer out: -0.163037, -0.166643, 0.4543, 0.239453, -0.061574, 0.589066, -0.337311, -0.233508, 0.418522, 0.202573, -0.226925, 0.306828
[aliengo_node-1] [INFO] [1755679302.380854429] [aliengo_node]: Applying Joystick CmdVel: vx=0.00, vy=0.00, wz=-0.00
[aliengo_node-1] current joint pos: 0.0307425, 0.740486, -1.43448, -0.0183145, 0.604165, -1.5032, 0.0931677, 0.609846, -1.50309, -0.117916, 0.80912, -1.48687, 
[aliengo_node-1] current cmd pos: 0.152665, 0.721516, -1.15347, -0.0501353, 0.72705, -1.32794, 0.0755157, 0.698908, -1.42122, -0.202869, 0.678653, -1.24708, 
[aliengo_node-1] 0 0.00123396 -0.000101571 -0.000458647 -0.000664761 -0.00370171 -0.0183631 -0.0210848 -0.999609 -0.0198605 -0.142349 -0.0204598 0.0359796 -0.0992775 0.0654815 -0.123512 0.00454223 -0.0391748 0.0894768 -0.164232 -0.0710428 0 0 -0.00554687 0 -0 -0.000117188 -0 -4.91071e-05 -0.00375 -0 -0 0.00414063 -0.0374488 -0.0677351 0.0907392 0.393558 -0.269239 0.776896 -0.482046 -0.189325 0.560854 0.0915572 -0.128251 0.000607811 
[aliengo_node-1] ONNX infer out: -0.0382779, -0.0698994, 0.0854573, 0.38682, -0.266962, 0.779229, -0.470153, -0.194732, 0.555273, 0.0974241, -0.123856, 0.00110255
[aliengo_node-1] [INFO] [1755679303.381366352] [aliengo_node]: Applying Joystick CmdVel: vx=0.00, vy=0.00, wz=-0.00
[aliengo_node-1] current joint pos: 0.0360278, 0.700327, -1.43486, -0.0198605, 0.657711, -1.52, 0.0894768, 0.635504, -1.57104, -0.123512, 0.804422, -1.54048, 
[aliengo_node-1] current cmd pos: 0.199319, 0.660787, -1.11049, -0.0183289, 0.768061, -1.45628, 0.0436936, 0.732075, -1.49503, -0.243479, 0.707471, -1.22564, 
[aliengo_node-1] 0 0.000616979 -0.15 -0.00152391 -0.00252897 -0.10144 -0.0187376 -0.0233577 -0.999552 0.0258599 -0.109141 0.0125976 0.0949309 -0.160374 0.0627588 -0.23969 0.0158796 -0.0573908 0.00408732 -0.266892 -0.000441313 0.00373214 0 0.0200781 0.00432143 -0.00667857 -0.000703125 -0.0163527 0 0.00234375 -0.0175313 -0.0234241 0.0258594 -0.0911172 -0.00760771 0.345387 0.569614 -0.225037 0.66229 -0.656349 -0.0756524 0.482071 0.0235463 -0.472522 0.353201 
[aliengo_node-1] ONNX infer out: -0.108598, -0.0189474, 0.371329, 0.55107, -0.203679, 0.652823, -0.64314, -0.0783986, 0.474748, 0.0313197, -0.487498, 0.384106
[aliengo_node-1] [INFO] [1755679304.381891703] [aliengo_node]: Applying Joystick CmdVel: vx=0.00, vy=0.00, wz=-0.60
[aliengo_node-1] current joint pos: 0.109683, 0.620643, -1.43835, 0.0390188, 0.687743, -1.46846, -0.0291686, 0.484644, -1.45772, -0.281167, 0.814345, -1.56226, 
[aliengo_node-1] current cmd pos: 0.221963, 0.774327, -1.22001, -0.0873242, 0.750689, -1.19981, 0.0168389, 0.437192, -1.15055, -0.289954, 0.780405, -1.30908, 
[aliengo_node-1] 0.00106781 0.00123396 -0.000101571 0.0019382 -0.0198395 0.00535304 -0.0242238 0.0121753 -0.999632 0.141147 -0.249428 0.0750304 0.0644182 0.0986289 0.023719 -0.35035 -0.128772 -0.099767 -0.00534207 -0.390877 0.0381 -0.00613839 -0.00299554 3.90625e-05 0 -0.00662946 0.00488281 -9.82143e-05 -0.0104598 -0.0025 0.00250446 0.0105089 -0.0226172 -0.0667771 -0.113845 0.657573 0.341921 -0.0040313 0.378235 -0.519079 -0.198058 0.640188 0.114626 -0.357353 0.290735 
[aliengo_node-1] ONNX infer out: -0.03511, -0.096854, 0.593277, 0.361084, -0.0385625, 0.411923, -0.552034, -0.227992, 0.681235, 0.111845, -0.290687, 0.142319
[aliengo_node-1] [INFO] [1755679305.382429285] [aliengo_node]: Applying Joystick CmdVel: vx=0.00, vy=0.00, wz=-0.55
[aliengo_node-1] current joint pos: 0.0640949, 0.881563, -1.4759, 0.139626, 0.546151, -1.42535, 0.0254721, 0.561453, -1.57526, -0.363318, 0.653924, -1.59981, 
[aliengo_node-1] current cmd pos: 0.280146, 0.739627, -1.3025, 0.0188095, 0.864612, -1.20275, 0.0243633, 0.660862, -1.53075, -0.407464, 0.703186, -1.11273, 
[aliengo_node-1] 0.00106781 0.00123396 -0.000101571 0.0578646 0.0110531 -0.0625576 -0.14271 0.124248 -0.981935 0.152626 -0.294752 0.182294 0.0551479 0.164884 -0.106018 -0.458283 -0.201795 -0.116641 0.0263661 -0.14921 -0.132824 -0.0205268 0 0.000546875 0.0428214 0.0431652 0.0792969 -0.0348661 -0.0452277 0.0475 0.0975759 0.292089 -0.228477 0.205945 0.310722 0.902106 0.149055 0.614735 0.0125459 -0.423936 -0.428147 1.599 0.175945 0.293252 -0.631157 
[aliengo_node-1] ONNX infer out: 0.184204, 0.366778, 0.771594, 0.0495531, 0.779984, 0.0388555, -0.297363, -0.492357, 1.62711, 0.295179, 0.412759, -0.521301
[aliengo_node-1] [INFO] [1755679306.382967736] [aliengo_node]: Applying Joystick CmdVel: vx=0.00, vy=0.00, wz=-0.00
[aliengo_node-1] current joint pos: -0.00682966, 1.14279, -1.52153, 0.159903, 0.480416, -1.36779, 0.118047, 0.808879, -1.65675, -0.480677, 0.47475, -1.51824, 
[aliengo_node-1] current cmd pos: -0.0252705, 1.01429, -1.87358, -0.329862, 0.658038, -0.915038, 0.195488, 0.83017, -1.13815, 0.159556, 0.870578, -1.59221, 
[aliengo_node-1] Error: Power Protection.
[aliengo_node-1] ONNX runtime error: GetElementType is not implemented
[ERROR] [aliengo_node-1]: process has died [pid 48815, exit code 254, cmd '/home/nhy/Projects/Legged/install/unitree_control/lib/unitree_control/aliengo_node --ros-args -r __node:=aliengo_node --params-file /tmp/launch_params_yneobshq'].
nhy@nhy-ThinkPad-P16-Gen-2:~/Projects/Legged$ colcon build --symlink-install
Starting >>> unitree_control
Finished <<< unitree_control [0.11s]                  

Summary: 1 package finished [0.27s]
nhy@nhy-ThinkPad-P16-Gen-2:~/Projects/Legged$ ros2 launch unitree_control sdk1_velocity.launch.py 
[INFO] [launch]: All log files can be found below /home/nhy/.ros/log/2025-08-20-16-43-43-635296-nhy-ThinkPad-P16-Gen-2-49803
[INFO] [launch]: Default logging verbosity is set to INFO
[INFO] [aliengo_node-1]: process started with pid [49810]
[aliengo_node-1] UDP Initialized. Port: 8082 
[aliengo_node-1] [SDK1] local_port=8082 target_ip=192.168.123.10 target_port=8007
[aliengo_node-1] [SDK1]Parseing dft_dof_pos: 
[aliengo_node-1] 0, 0.8, -1.5, 0, 0.8, -1.5, 0, 0.8, -1.5, 0, 0.8, -1.5, 
[aliengo_node-1] [SDK1]Parseing joint_idx_sdk2policy: 
[aliengo_node-1] 3, 4, 5, 0, 1, 2, 9, 10, 11, 6, 7, 8, 
[aliengo_node-1] [SDK1] Computed joint_idx_policy2sdk: 3, 4, 5, 0, 1, 2, 9, 10, 11, 6, 7, 8
[aliengo_node-1] [SDK1] Load config: /home/nhy/Projects/Legged/install/unitree_control/share/unitree_control/config/sdk1_config.ini [OK]
[aliengo_node-1] [SDK1] ensureObsBuffers: obs_size=270 history_steps=6 total=270
[aliengo_node-1] [SDK1] Observation buffers prepared: obs_size=45 history_steps=6
[aliengo_node-1] [SDK1] Load onnx_path: /home/nhy/Projects/Legged/install/unitree_control/share/unitree_control/config/policy_aliengo.onnx
[aliengo_node-1] ONNX loaded: policy_aliengo.onnx input=obs output=action
[aliengo_node-1] [Loop Start] named: udp_send, period: 2(ms), run at cpu: 3 
[aliengo_node-1] [Loop Start] named: udp_recv, period: 2(ms), run at cpu: 3 
[aliengo_node-1] [SDK1] Waiting for joystick to reset and begin loop_control...
[aliengo_node-1] current joint pos: -0.28008, 1.13852, -2.79903, 0.234133, 1.15476, -2.7947, -0.210297, 1.54006, -2.80471, 0.14805, 1.17858, -2.81203, 
[aliengo_node-1] current cmd pos: 2.146e+09, 2.146e+09, 2.146e+09, 2.146e+09, 2.146e+09, 2.146e+09, 2.146e+09, 2.146e+09, 2.146e+09, 2.146e+09, 2.146e+09, 2.146e+09, 
[aliengo_node-1] current joint pos: -0.280092, 1.13853, -2.79938, 0.234133, 1.15476, -2.79516, -0.210309, 1.54006, -2.80513, 0.148038, 1.17858, -2.81203, 
[aliengo_node-1] current cmd pos: 2.146e+09, 2.146e+09, 2.146e+09, 2.146e+09, 2.146e+09, 2.146e+09, 2.146e+09, 2.146e+09, 2.146e+09, 2.146e+09, 2.146e+09, 2.146e+09, 
[aliengo_node-1] current joint pos: -0.280092, 1.13853, -2.79861, 0.234133, 1.15476, -2.79478, -0.210321, 1.54006, -2.80475, 0.14805, 1.17859, -2.812, 
[aliengo_node-1] current cmd pos: 2.146e+09, 2.146e+09, 2.146e+09, 2.146e+09, 2.146e+09, 2.146e+09, 2.146e+09, 2.146e+09, 2.146e+09, 2.146e+09, 2.146e+09, 2.146e+09, 
[aliengo_node-1] [-0.280092|0], [1.13853|0.8], [-2.79896|-1.5], [0.234121|0], [1.15474|0.8], [-2.79478|-1.5], [-0.210321|0], [1.54006|0.8], [-2.80479|-1.5], [0.148062|0], [1.17858|0.8], [-2.81169|-1.5], 
[aliengo_node-1] current joint pos: -0.0450817, 0.720738, -1.61242, 0.0799436, 0.731188, -1.62281, -0.0650115, 0.818168, -1.65499, 0.0263737, 0.744395, -1.67746, 
[aliengo_node-1] current cmd pos: 0, 0.8, -1.5, 0, 0.8, -1.5, 0, 0.8, -1.5, 0, 0.8, -1.5, 
[aliengo_node-1] current joint pos: -0.0504506, 0.772951, -1.61591, 0.0783023, 0.784996, -1.63773, -0.0574857, 0.837954, -1.59984, 0.030365, 0.768698, -1.63202, 
[aliengo_node-1] current cmd pos: 0, 0.8, -1.5, 0, 0.8, -1.5, 0, 0.8, -1.5, 0, 0.8, -1.5, 
[aliengo_node-1] current joint pos: -0.0504626, 0.772712, -1.61591, 0.0782903, 0.784492, -1.63777, -0.0574737, 0.837894, -1.5998, 0.030389, 0.768386, -1.63164, 
[aliengo_node-1] current cmd pos: 0, 0.8, -1.5, 0, 0.8, -1.5, 0, 0.8, -1.5, 0, 0.8, -1.5, 
[aliengo_node-1] [INFO] [1755679430.298742441] [aliengo_node]: VelocityNode started. rate=15Hz, stale_timeout=0.50s
[aliengo_node-1] [INFO] [1755679430.365517108] [aliengo_node]: Applying Joystick CmdVel: vx=0.00, vy=0.00, wz=-0.00
[aliengo_node-1] [Loop Start] named: control_loop, period: 19(ms), cpu unspecified
[aliengo_node-1] current joint pos: -0.0485811, 0.704569, -1.56142, 0.0674686, 0.696803, -1.55455, -0.0544177, 0.750324, -1.51352, 0.0206818, 0.670354, -1.52809, 
[aliengo_node-1] current cmd pos: 0.0973531, 0.79475, -1.32295, -0.173789, 0.68039, -1.20803, 0.151406, 0.662596, -1.27397, -0.118674, 0.699708, -1.31909, 
[aliengo_node-1] 0.00106781 0.00123396 -0.000406284 0.00113925 -0.00758898 -0.00290276 0.033037 0.00126539 -0.999453 0.0674446 -0.155088 -0.0499122 -0.0487368 -0.139605 -0.0611103 0.0210293 -0.174035 -0.0351096 -0.0544657 -0.0925424 -0.0201145 0 -0.000638393 0.00886719 0 -0.000638393 -0.00390625 -0 0 -0.00375 -0 -0 -0.00835938 -0.388011 -0.398489 0.66614 0.120162 0.0387685 0.272007 -0.185288 -0.197039 0.265153 0.369547 -0.346632 0.525561 
[aliengo_node-1] ONNX infer out: -0.398995, -0.405532, 0.664949, 0.114187, 0.0424892, 0.269049, -0.180041, -0.201589, 0.264733, 0.381012, -0.338328, 0.523464
[aliengo_node-1] [INFO] [1755679431.365608818] [aliengo_node]: Applying Joystick CmdVel: vx=0.00, vy=0.00, wz=-0.00
[aliengo_node-1] current joint pos: -0.0487129, 0.657316, -1.56149, 0.0674326, 0.63898, -1.54991, -0.0544896, 0.705924, -1.52621, 0.0213771, 0.625666, -1.54462, 
[aliengo_node-1] current cmd pos: 0.0534939, 0.82632, -1.37465, -0.201146, 0.586732, -1.16035, 0.192915, 0.628146, -1.23506, -0.0861094, 0.70334, -1.37648, 
[aliengo_node-1] 0 0.000616979 -0.000135428 -0.0012576 -0.00838793 -0.00263644 0.0283863 0.00480645 -0.999586 0.0669769 -0.167372 -0.049222 -0.048629 -0.142888 -0.0610719 0.0213529 -0.17745 -0.0480335 -0.0545136 -0.0977198 -0.0277462 -0.00491071 0 -0.00621094 0 -0 0.000742187 -0 0 0.00644531 -0 -0 0.00445313 -0.402192 -0.439056 0.687832 0.103644 0.0583859 0.240142 -0.172277 -0.185879 0.244296 0.387275 -0.350787 0.534896 
[aliengo_node-1] ONNX infer out: -0.407495, -0.442687, 0.687475, 0.101361, 0.0624158, 0.234432, -0.172544, -0.190142, 0.249992, 0.392363, -0.350705, 0.535969
[aliengo_node-1] [INFO] [1755679432.432242929] [aliengo_node]: Applying Joystick CmdVel: vx=0.00, vy=0.00, wz=-0.00
[aliengo_node-1] current joint pos: -0.048605, 0.657112, -1.56146, 0.0659466, 0.626792, -1.54918, -0.0545256, 0.697906, -1.52805, 0.0213409, 0.618283, -1.54995, 
[aliengo_node-1] current cmd pos: 0.052263, 0.831558, -1.3837, -0.198688, 0.579172, -1.15306, 0.19191, 0.620171, -1.22919, -0.0875278, 0.709182, -1.37586, 
[aliengo_node-1] 0.00106781 0.000616979 -0.000135428 -0.00818181 0.00332998 0.00455409 0.0253866 0.00724617 -0.999651 0.0637055 -0.18252 -0.0480331 -0.0485451 -0.142876 -0.0610719 0.021281 -0.187637 -0.0541694 -0.0545616 -0.107175 -0.0311977 0 -0.000294643 0.00191406 0 -0 0.00335938 -0 -0.00613839 -0.00585938 -0 -0 -0.00203125 -0.40632 -0.460116 0.707382 0.0939682 0.0770123 0.213441 -0.172233 -0.175084 0.251588 0.395506 -0.363231 0.549296 
[aliengo_node-1] ONNX infer out: -0.403916, -0.460256, 0.712512, 0.0962723, 0.0767807, 0.209725, -0.172854, -0.169177, 0.247162, 0.385712, -0.365002, 0.545938
[aliengo_node-1] [INFO] [1755679433.498820910] [aliengo_node]: Applying Joystick CmdVel: vx=0.00, vy=0.00, wz=-0.00
[aliengo_node-1] current joint pos: -0.048593, 0.657124, -1.56146, 0.0584564, 0.601877, -1.54569, -0.0545616, 0.68573, -1.53906, 0.021293, 0.600379, -1.55877, 
[aliengo_node-1] current cmd pos: 0.0418045, 0.850863, -1.40927, -0.206546, 0.560498, -1.13656, 0.201597, 0.612543, -1.21724, -0.0871379, 0.722001, -1.37408, 
[aliengo_node-1] 1.29845 0.00123396 -0 0.0019382 -0.0206385 0.010413 0.00324616 0.0163397 -0.999861 0.0463758 -0.221766 -0.0404016 -0.03028 -0.0904756 -0.0618773 0.0210413 -0.223875 -0.0562019 -0.0558921 -0.125664 -0.0483782 -0.00422321 0.0260759 -0.000195313 0.00677679 0.0428214 -0.00917969 -0 0.0173348 -0.000625 -0.000294643 0.0214107 -0.00136719 -0.251129 0.295571 0.57854 0.195704 0.426854 0.283099 -0.339487 0.214034 1.27178 0.361932 0.169578 0.734414 
[aliengo_node-1] ONNX infer out: -0.244113, 0.227108, 0.522545, 0.223507, 0.39242, 0.295651, -0.36927, 0.224147, 1.19643, 0.338365, 0.118788, 0.700279
[aliengo_node-1] [INFO] [1755679434.498939955] [aliengo_node]: Applying Joystick CmdVel: vx=0.80, vy=0.00, wz=-0.00
[aliengo_node-1] current joint pos: -0.0163675, 1.06095, -1.35763, -0.0172403, 0.607834, -1.74803, -0.00987074, 0.601524, -1.8368, 0.0212331, 0.886143, -1.33646, 
[aliengo_node-1] current cmd pos: 0.159145, 0.756846, -0.89795, -0.0822257, 0.505833, -1.26336, 0.0334124, 0.547942, -1.43606, -0.22635, 0.76705, -1.03881, 
[aliengo_node-1] 0.00106781 0.00123396 -0 -0.0116439 -0.00705635 -0.00556592 0.0438154 0.0042945 -0.99903 -0.00322638 -0.0875466 -0.0687035 0.0317013 -0.0140468 -0.0676296 -0.118323 -0.121689 -0.0346495 0.0843356 -0.0911296 -0.00477481 0 -0.0164018 -0.00199219 0 -0.0122277 -0.00472656 -0 -0.00888839 -0.00332031 -0 -0.0130625 -0.00410156 -0.233429 -0.185361 0.523402 0.142147 0.000556141 0.32368 -0.198698 -0.185655 0.299427 0.260261 -0.243407 0.439126 
[aliengo_node-1] ONNX infer out: -0.236725, -0.191516, 0.52036, 0.134415, 0.00171379, 0.328996, -0.194444, -0.195819, 0.311485, 0.266696, -0.238222, 0.433496
[aliengo_node-1] [INFO] [1755679435.498965853] [aliengo_node]: Applying Joystick CmdVel: vx=0.80, vy=0.00, wz=-0.00
[aliengo_node-1] current joint pos: 0.0302392, 0.930487, -1.49273, -0.0093623, 0.817765, -1.52732, 0.0831614, 0.818743, -1.5394, -0.122937, 0.787409, -1.50267, 
[aliengo_node-1] current cmd pos: 0.101151, 0.491807, -1.18327, -0.0559814, 0.491357, -1.31551, 0.0922194, 0.671643, -1.6264, -0.152002, 0.670113, -1.4618, 
[aliengo_node-1] 0 0.000616979 -0.000135428 -0.00258918 -0.0129153 -0.000239596 0.0109541 -0.00892076 -0.9999 -0.0127658 -0.0576702 -0.0116011 0.0287532 0.0647125 0.0098747 -0.114057 -0.0594677 -0.046231 0.0945222 -0.143309 -0.0545526 0 -0.0152723 -0.00242188 0 -0.0249464 -0.00238281 -0 -0.0176295 -0.00199219 -0 -0.0187098 -0.00175781 -0.162951 -0.124536 0.405919 0.248618 -0.028975 0.425116 -0.330636 -0.129093 0.464085 0.202147 -0.194437 0.345474 
[aliengo_node-1] ONNX infer out: -0.15858, -0.128077, 0.387114, 0.248468, -0.0331387, 0.440523, -0.330666, -0.149365, 0.496363, 0.20175, -0.184185, 0.320371
[aliengo_node-1] [INFO] [1755679436.499024363] [aliengo_node]: Applying Joystick CmdVel: vx=0.00, vy=0.00, wz=-0.00
[aliengo_node-1] current joint pos: 0.0287052, 0.77639, -1.49013, -0.0140961, 0.682555, -1.51735, 0.0963678, 0.605664, -1.6156, -0.114488, 0.668161, -1.58542, 
[aliengo_node-1] current cmd pos: 0.21617, 0.673693, -1.19228, 0.00753082, 0.801477, -1.47257, 0.0380736, 0.769664, -1.52335, -0.251217, 0.690362, -1.14305, 
[aliengo_node-1] 0.00106781 0.00123396 -0.2 0.0251077 0.0113195 -0.152839 -0.0237495 -0.0424218 -0.998817 0.0222412 -0.109547 0.0218015 0.00719052 0.0889966 -0.089489 -0.182022 -0.198867 -0.112192 0.0310641 -0.399762 -0.00776613 0.00775893 0.0103125 -0.0176953 -0.0222455 0.137696 0.0188281 -0.0192991 -0.00427232 -0.00394531 -0.0169911 -0.0317232 0.0123047 -0.36707 -0.120075 0.477558 -0.120417 0.576557 -0.0579413 -0.248061 0.297961 0.332641 0.34276 -0.761406 1.34337 
[aliengo_node-1] ONNX infer out: -0.366469, -0.0935447, 0.423636, -0.104216, 0.577898, 0.0109607, -0.281152, 0.28143, 0.399044, 0.332321, -0.759232, 1.39804
[aliengo_node-1] [INFO] [1755679437.499058839] [aliengo_node]: Applying Joystick CmdVel: vx=0.00, vy=0.00, wz=-0.00
[aliengo_node-1] current joint pos: 0.0276517, 0.878602, -1.57254, 0.0629268, 0.714243, -1.53081, 0.0247977, 0.591569, -1.71025, -0.203567, 0.505043, -1.62968, 
[aliengo_node-1] current cmd pos: 0.359984, 0.712606, -1.39935, 0.0329396, 0.951305, -1.39991, -0.0161513, 0.695935, -1.45305, -0.435626, 0.726161, -1.01176, 
[aliengo_node-1] 1.6 0.000616979 -0 -0.0191008 -0.0411448 0.00455409 -0.105419 -0.000484224 -0.994428 0.0858755 -0.0114165 -0.042089 -0.0532187 0.273728 -0.0269408 -0.196389 -0.272269 -0.238631 0.00919452 -0.482509 -0.0674379 -0.00422321 0.036192 -0.00367188 0.00250446 -0.0356518 0.00253906 -0.000392857 0 -0.00460938 -0 0.00166964 0.00144531 0.0770634 0.397783 0.107982 -0.0534894 0.247851 -0.136061 -0.621645 0.538401 1.76206 0.453617 0.344611 0.700429 
[aliengo_node-1] ONNX infer out: 0.0934612, 0.372909, 0.157415, -0.0105413, 0.299123, -0.019445, -0.62443, 0.556322, 1.78946, 0.465451, 0.317212, 0.554716
[aliengo_node-1] [INFO] [1755679438.565735391] [aliengo_node]: Applying Joystick CmdVel: vx=0.80, vy=0.00, wz=-0.00
[aliengo_node-1] current joint pos: -0.0217949, 1.11278, -1.36261, 0.0440258, 0.676494, -1.63305, 0.0477614, 0.522582, -1.64402, -0.145466, 0.665506, -1.67183, 
[aliengo_node-1] current cmd pos: 0.124061, 0.883441, -0.990739, 0.0292326, 0.60937, -1.55266, 0.107201, 0.745658, -1.46866, -0.275501, 1.09792, -0.898304, 
[aliengo_node-1] 1.6 0.00123396 -0 0.0322982 0.0358205 -0.0255396 0.0194236 -0.0366311 -0.99914 0.00692125 -0.197621 -0.286989 0.0334153 0.0781678 -0.0292034 -0.0793862 0.0915515 0.0545515 -0.00433567 -0.08356 -0.378683 -0.0272054 -0.225795 0.113437 0.00250446 0.0690446 -0.00128906 0.00157143 0.0403661 0.0567578 -0 -0.166768 0.160078 -0.00780574 -0.674404 -0.29041 0.45308 0.187532 1.07234 -0.507329 0.0974669 1.15395 0.00157995 -0.371291 -0.337351 
[aliengo_node-1] ONNX infer out: -0.0400871, -0.680622, -0.0227443, 0.420882, 0.215057, 1.07536, -0.445276, 0.0506334, 1.10711, 0.0730204, -0.359562, -0.0130541
[aliengo_node-1] [INFO] [1755679439.565849813] [aliengo_node]: Applying Joystick CmdVel: vx=0.80, vy=0.00, wz=-0.80
[aliengo_node-1] current joint pos: 0.0904139, 0.822345, -1.59704, 0.0554966, 0.841556, -1.68003, 0.0247604, 0.767483, -1.91285, -0.206434, 0.881189, -1.45619, 
[aliengo_node-1] current cmd pos: 0.329821, 0.999957, -1.02723, 0.0465305, 0.598556, -1.83361, -0.00469988, 0.654403, -1.96891, -0.35828, 0.856464, -0.811403, 
[aliengo_node-1] 1.6 0.00123396 -0.2 -0.0153723 0.0291626 -0.187992 0.0356311 -0.0486091 -0.998182 0.0291907 -0.186278 -0.236866 0.0856578 0.142007 -0.0791345 -0.200932 0.0611612 0.0658646 0.0227174 -0.14129 -0.238208 -0.000491071 -0.0723839 0.145625 0.034375 0.0441473 -0.00820313 -0.0127188 0.0535268 0.0239063 0.0408571 -0.0599598 0.201563 0.0870531 -0.42196 -0.143878 0.547065 0.532324 0.963701 -0.668406 0.20764 1.27844 0.103503 -0.354301 -0.0316519 
[aliengo_node-1] ONNX infer out: 0.055251, -0.378984, 0.0467163, 0.536286, 0.537442, 0.947046, -0.658828, 0.182627, 1.19765, 0.122938, -0.355784, 0.116577
[aliengo_node-1] [INFO] [1755679440.632469016] [aliengo_node]: Applying Joystick CmdVel: vx=0.80, vy=0.00, wz=-0.00
[aliengo_node-1] current joint pos: 0.0374921, 0.901298, -1.56238, -0.00905674, 0.542798, -1.74526, -0.010267, 0.672752, -1.86852, -0.0622371, 0.822754, -1.43229, 
[aliengo_node-1] current cmd pos: 0.27634, 0.894512, -1.03536, -0.000770692, 0.470711, -1.44755, 0.00589244, 0.580254, -1.55032, -0.319277, 0.846476, -0.927386, 
[aliengo_node-1] 0 0.000616979 -0.000135428 -0.0127092 -0.0182416 0.0429036 0.0637468 -0.00260768 -0.997963 0.115501 0.0517823 0.160128 0.139991 -0.158768 -0.0625675 -0.180066 -0.0835178 -0.0807073 -0.0643524 -0.0434681 0.0264418 0 -0.0104107 -0.00800781 0 -0.0104107 -0.000703125 0.009625 0 -0.0241406 0.00201339 -0.00790625 0.00207031 -0.263178 -0.287869 0.823632 0.341672 -0.234906 0.341579 -0.236939 -0.0252798 -0.0277546 0.156759 -0.496342 0.596649 
[aliengo_node-1] ONNX infer out: -0.289596, -0.293837, 0.781735, 0.280661, -0.205499, 0.338535, -0.197858, -0.0363186, -0.0693762, 0.198792, -0.462104, 0.618793
[aliengo_node-1] [INFO] [1755679441.632529014] [aliengo_node]: Applying Joystick CmdVel: vx=0.80, vy=0.00, wz=-0.80
[aliengo_node-1] current joint pos: 0.229585, 0.881543, -1.55766, 0.145222, 0.869664, -1.10049, -0.193114, 0.687995, -1.34198, -0.186599, 0.844196, -1.72782, 
[aliengo_node-1] current cmd pos: 0.13966, 0.787115, -1.61291, -0.155967, 0.680947, -0.693538, 0.135629, 0.748134, -0.786811, -0.0251391, 0.831752, -1.88402, 
[aliengo_node-1] 1.6 0.359699 -0.2 -0.100593 -0.0954733 -0.17734 0.0916264 0.0118155 -0.995723 0.0397638 0.0610552 -0.0426258 0.0966942 0.0351439 -0.144252 -0.127016 -0.00347167 -0.0509096 -0.0886466 -0.166802 0.0837742 0.0267634 0.0689955 0.0691797 0.0257321 0.0618259 0.0285938 -0.0375179 0.0383527 0.0490625 -0.0214107 0.0535268 -0.00894531 -0.412652 0.075294 1.04786 0.342808 0.0281537 0.00730176 -0.280608 -0.0017557 -0.0322039 0.0973056 -0.196517 0.899551 
[aliengo_node-1] ONNX infer out: -0.418508, 0.0232045, 1.19367, 0.341436, 0.0218217, -0.0922939, -0.237876, 0.00651845, -0.222845, 0.124671, -0.172298, 0.881388
[aliengo_node-1] [INFO] [1755679442.632701815] [aliengo_node]: Applying Joystick CmdVel: vx=0.00, vy=0.00, wz=-0.00
[aliengo_node-1] current joint pos: 0.080991, 0.770531, -1.5687, -0.0113291, 0.846079, -1.53572, 0.0940202, 0.702207, -1.54976, -0.109432, 0.758021, -1.48468, 
[aliengo_node-1] current cmd pos: 0.142678, 0.726044, -1.26493, -0.0704299, 0.727648, -1.30749, 0.0950324, 0.647243, -1.30819, -0.127881, 0.709805, -1.40946, 
[aliengo_node-1] 0.00106781 0.00123396 -0.000135428 0.00886242 -0.01185 0.0173373 0.0172952 -0.0141283 -0.999751 -0.0256252 -0.0951441 -0.0257903 0.05984 -0.131971 -0.0710044 -0.0826459 -0.14368 -0.0335374 0.122578 -0.203289 -0.0542841 -0.00495982 -0.0121786 -0.00644531 -0.000540179 -0.000883929 0.00527344 0.000883929 -0.00495982 -0.00410156 0.001375 -0.00112946 -0.00675781 -0.208716 -0.26408 0.53093 0.0334488 0.117172 0.240903 -0.195137 -0.124615 0.209789 0.354018 -0.414889 0.664834 
[aliengo_node-1] ONNX infer out: -0.211688, -0.272355, 0.534168, 0.0242794, 0.122422, 0.23511, -0.18963, -0.122314, 0.20409, 0.362171, -0.409904, 0.664282
[aliengo_node-1] [INFO] [1755679443.632761184] [aliengo_node]: Applying Joystick CmdVel: vx=-0.80, vy=0.00, wz=-0.00
[aliengo_node-1] current joint pos: -0.0066929, 0.65874, -1.58312, -0.00800377, 1.0995, -1.73334, 0.0217902, 1.037, -1.83147, -0.0396313, 0.432036, -1.54466, 
[aliengo_node-1] current cmd pos: -0.0147596, 0.51448, -1.18953, -0.290264, 0.895576, -1.35692, 0.191397, 0.610053, -1.26013, -0.00744961, 0.737099, -1.47671, 
[aliengo_node-1] 0 0.00123396 -0.000135428 -0.0238945 0.00785735 -0.0380565 -0.132367 -0.0413096 -0.99034 -0.0479515 -0.0191649 -0.0866127 -0.0829159 0.287013 -0.112652 0.0353619 -0.259471 -0.293892 0.0622609 -0.564582 -0.172477 0 -0.0150268 0.0115625 0 0.0270089 0.0246094 -0.00176786 -0.0136027 0.0157031 -0 -0.0487143 0.0514844 -0.697057 -0.0511241 0.150689 -0.214233 0.789634 0.0597946 -0.321948 0.514332 0.0809539 0.85916 -0.318943 1.57964 
[aliengo_node-1] ONNX infer out: -0.639374, -0.0740907, 0.0910013, -0.217994, 0.763944, 0.0293612, -0.367181, 0.472041, 0.197946, 0.842626, -0.369724, 1.5403
[aliengo_node-1] [INFO] [1755679444.632833497] [aliengo_node]: Applying Joystick CmdVel: vx=0.00, vy=0.00, wz=-0.00
[aliengo_node-1] current joint pos: -0.0454412, 0.978276, -1.57783, 0.042086, 0.854937, -1.59793, 0.0320732, 0.503077, -1.89153, 0.048474, 0.351967, -1.66534, 
[aliengo_node-1] current cmd pos: 0.252779, 0.783947, -1.54771, 0.0508067, 0.952237, -1.54824, 0.15157, 0.935665, -1.37785, -0.309113, 0.654619, -0.870952, 
[aliengo_node-1] 1.6 0.00123396 -0.000135428 -0.0265576 0.14794 -0.0282028 -0.0758787 -0.030612 -0.996647 -0.0424744 0.226649 -0.152957 -0.0536969 0.142816 -0.144405 0.0158282 -0.106767 -0.324112 0.0500011 -0.496375 -0.163388 0.00103125 0.025683 -0.02875 0.0108527 0.00270089 0.0104688 -0 -4.91071e-05 0.0650391 0.000294643 -0 0.0458203 -0.0207624 0.549949 -0.398761 -0.0348214 0.453471 0.212263 -0.503065 0.661481 1.17266 0.553752 0.359927 1.63798 
[aliengo_node-1] ONNX infer out: -0.0356907, 0.546417, -0.418718, -0.0263372, 0.462214, 0.301263, -0.506341, 0.644688, 1.12793, 0.531331, 0.331748, 1.63981
[aliengo_node-1] [INFO] [1755679445.632924322] [aliengo_node]: Applying Joystick CmdVel: vx=0.00, vy=0.00, wz=-0.00
[aliengo_node-1] current joint pos: -0.0115127, 0.971224, -1.45323, -0.022677, 0.706, -1.52571, 0.0521819, 0.71187, -1.51751, -0.0375376, 0.731483, -1.79945, 
[aliengo_node-1] current cmd pos: -0.0156847, 0.691867, -1.66907, -0.170415, 0.29344, -1.12944, 0.248237, 0.623004, -1.25607, -0.0190421, 0.651077, -1.80917, 
[aliengo_node-1] 0.00106781 0.432502 -0.000135428 -0.0401397 0.00306366 -0.00237012 0.0484848 0.040501 -0.998002 0.00649256 -0.105487 -0.0252534 0.03266 0.068117 0.00550282 -0.0944825 -0.0987969 -0.132939 0.0949776 -0.0887938 -0.0476496 -0.00127679 -0.021558 -0.00847656 0 -0.00977232 -0.00773438 0.0428705 0.0115893 -0.000390625 -0 -0.0227857 0.00144531 -0.596314 -0.304378 0.677043 0.137194 0.145519 -0.0142601 0.0543591 -0.0630647 -0.230589 0.330348 -0.208679 0.728189 
[aliengo_node-1] ONNX infer out: -0.577959, -0.301372, 0.685636, 0.153397, 0.155228, -0.0256911, 0.0490083, -0.0663664, -0.201683, 0.312799, -0.214148, 0.729692
[aliengo_node-1] [INFO] [1755679446.632999989] [aliengo_node]: Applying Joystick CmdVel: vx=0.00, vy=0.33, wz=-0.00
[aliengo_node-1] current joint pos: 0.0213589, 0.768695, -1.50002, 0.0657437, 0.738933, -1.60671, 0.0458687, 0.674565, -1.6767, -0.167267, 0.558156, -1.66105, 
[aliengo_node-1] current cmd pos: 0.0972278, 0.554426, -1.0492, 0.207678, 0.873811, -1.62884, 0.127622, 0.83134, -1.44953, -0.451167, 0.726104, -1.19808, 
[aliengo_node-1] 0.00106781 0.000616979 -0.000135428 0.0149877 -0.00226266 0.00934778 0.0163182 -0.0122242 -0.999792 -0.00781579 -0.0584715 -0.0286666 0.242061 0.120933 -0.0891439 -0.141033 0.076136 -0.0814358 -0.0363807 -0.27444 -0.100303 0.00220982 -0.00162054 0.00675781 0.00471429 4.91071e-05 -0.00386719 0.00613839 0 -0.0219141 0.00653125 -0.0130134 0.01125 -0.130241 -0.227704 0.340308 0.363173 -0.257845 0.393359 -0.325914 -0.0778188 -0.230352 0.155651 -0.460911 0.540995 
[aliengo_node-1] ONNX infer out: -0.135871, -0.133584, 0.441844, 0.280082, 0.0159617, 0.342917, -0.31106, -0.0231533, -0.166759, 0.244682, -0.427045, 0.763443
[aliengo_node-1] [INFO] [1755679447.633132000] [aliengo_node]: Applying Joystick CmdVel: vx=0.00, vy=0.00, wz=-0.80
[aliengo_node-1] current joint pos: 0.276024, 0.826209, -1.66086, 0.0426983, 0.615119, -1.43241, -0.102309, 0.271097, -1.46079, -0.248451, 0.777241, -1.58101, 
[aliengo_node-1] current cmd pos: 0.0611429, 1.1763, -1.50634, -0.0462554, 0.74079, -1.12687, 0.103716, 0.24873, -0.776917, -0.244402, 0.889588, -1.28594, 
[aliengo_node-1] 1.6 0.702122 -0.2 0.161728 0.0166458 -0.168285 0.107096 -0.0418856 -0.993366 0.0862309 -0.0280818 -0.118788 0.327179 0.335763 -0.11246 -0.506654 0.0932993 0.00335491 -0.0349012 -0.211237 -0.0605733 -0.0505804 0.0867723 0.0449219 -0.0552946 0.013308 -0.0785156 0.156308 0.0181205 -0.795586 -0.0472902 0.0791607 0.00847656 -0.283601 0.237191 1.29565 0.00310023 0.315209 -0.440062 -0.29125 0.338348 -1.58401 0.0328127 -0.125285 1.39684 
[aliengo_node-1] ONNX infer out: -0.234395, 0.0965831, 1.11071, -0.10406, 0.384835, -1.32178, 0.00190214, 0.271878, -1.79438, 0.286373, 0.156626, 1.3697
[aliengo_node-1] [INFO] [1755679448.633173010] [aliengo_node]: Applying Joystick CmdVel: vx=0.00, vy=0.00, wz=-0.00
[aliengo_node-1] current joint pos: 0.077073, 0.87779, -1.55183, 0.00946464, 0.838841, -1.51195, 0.137558, 0.746994, -1.57158, -0.125092, 0.69389, -1.60111, 
[aliengo_node-1] current cmd pos: 0.0389714, 0.74176, -1.4091, -0.108581, 0.593029, -1.17524, 0.200522, 0.713367, -1.31007, -0.0565944, 0.710785, -1.51264, 
[aliengo_node-1] 0.00106781 0.000616979 -0.000135428 0.0085961 -0.0102521 0.00934778 0.03159 -0.00679806 -0.999478 0.00649283 -0.0779712 0.00611639 0.0786073 -0.0209137 -0.0514463 -0.108976 -0.2222 0.0236801 0.14923 -0.133662 -0.124042 0 -0.00923214 0.00753906 -0.00034375 -0.00879018 -0.00113281 -0.000147321 -0.0101652 0 -0 -0.0163036 -0.00171875 -0.175903 -0.248652 0.555643 0.13753 0.0355208 0.241159 -0.212729 -0.234952 0.400856 0.328855 -0.256807 0.427169 
[aliengo_node-1] ONNX infer out: -0.183061, -0.257355, 0.556198, 0.124501, 0.0430762, 0.24107, -0.201215, -0.240992, 0.397222, 0.347134, -0.252221, 0.433854
[aliengo_node-1] [INFO] [1755679449.633258294] [aliengo_node]: Applying Joystick CmdVel: vx=0.00, vy=0.00, wz=-0.00
[aliengo_node-1] current joint pos: 0.0449792, 0.74522, -1.58121, -0.00703736, 0.61876, -1.48978, 0.175464, 0.594972, -1.68038, -0.103463, 0.593788, -1.56817, 
[aliengo_node-1] current cmd pos: -0.0775054, 0.949911, -1.47624, -0.112492, 0.623865, -1.1789, 0.26459, 0.603826, -1.1241, -0.0960307, 0.81758, -1.45407, 
[aliengo_node-1] 1.6 0.0555281 -0.117281 -0.00445339 0.0510006 -0.0804007 0.0446767 -0.0221468 -0.998756 0.0746362 0.0950157 0.107628 0.0463171 0.143588 -0.0985395 -0.138729 -0.0407984 -0.240126 0.0884206 -0.0406221 -0.0798249 0.00780804 0.0461607 0.040625 -0.0427723 -0.168192 -0.148945 0.0277946 -0.043558 -0.144648 -0.0164509 0.0346696 0.0280469 -0.353648 0.119818 1.27041 -0.0600986 -0.190749 -0.643497 -0.0985006 -0.111729 -0.705301 0.54815 0.297434 1.30681 
[aliengo_node-1] ONNX infer out: -0.330266, 0.0693293, 1.25423, -0.0192809, -0.376683, -0.458089, -0.130025, -0.175786, -0.590925, 0.488271, 0.23261, 1.21681
[aliengo_node-1] [INFO] [1755679450.633415143] [aliengo_node]: Applying Joystick CmdVel: vx=0.00, vy=0.06, wz=-0.00
[aliengo_node-1] current joint pos: 0.0455316, 0.944121, -1.53411, 0.00986067, 0.754052, -1.55915, 0.096331, 0.673782, -1.58531, -0.107346, 0.724499, -1.57273, 
[aliengo_node-1] current cmd pos: 0.0884348, 0.756506, -1.37929, -0.149917, 0.724591, -1.27458, 0.0835676, 0.624807, -1.14848, -0.131211, 0.784891, -1.49062, 
[aliengo_node-1] 0.00106781 0.944595 -0.000135428 0.086893 -0.0608522 0.00721725 0.0357662 0.0344642 -0.998766 0.0596725 -0.0215247 -0.057582 -0.0200469 0.020735 -0.0457705 -0.202239 0.0111052 -0.19242 0.123025 -0.0400035 -0.0369117 -0.0516607 -0.00692411 0.00101563 -0.00260268 0.0214598 -0.0429297 0.177228 -0.0387455 -0.184805 -0.0602545 -4.91071e-05 0.00824219 -0.692481 -0.212682 0.660108 0.0711962 0.131168 -0.203783 0.215678 0.0401301 -0.781232 0.336712 -0.190027 0.827722 
[aliengo_node-1] ONNX infer out: -0.671288, -0.196253, 0.60666, 0.128905, 0.171112, -0.32377, 0.256942, 0.0455242, -0.73599, 0.379987, -0.188881, 0.909528
[aliengo_node-1] [INFO] [1755679451.633462130] [aliengo_node]: Applying Joystick CmdVel: vx=0.30, vy=0.13, wz=-0.00
[aliengo_node-1] current joint pos: 0.131207, 0.828547, -1.54466, -0.119269, 0.716638, -1.57821, -0.0269978, 0.717908, -1.56682, -0.000997413, 0.717213, -1.57062, 
[aliengo_node-1] current cmd pos: 0.147049, 0.860747, -1.23945, -0.0428568, 0.755246, -1.39004, 0.128759, 0.781014, -1.39205, -0.169086, 0.7935, -1.12967, 
[aliengo_node-1] 1.6 0.66387 -0.000135428 0.0711804 0.0733711 0.00268988 0.0282893 0.0221634 -0.999354 0.0449382 -0.304444 -0.0246398 0.0793238 0.266759 0.0509087 -0.0617142 0.172694 0.0016675 0.0725979 -0.111401 -0.0505258 0 0.0267634 -0.0820703 -0.0266652 0.0267634 0.0464844 -0.0396786 0.00991964 0.0104688 -0.0415446 0.0359955 0.0668359 -0.294674 -0.0619661 0.813958 0.0750103 0.109233 1.1049 -0.410092 0.201725 0.240515 0.132526 -0.0288166 0.700301 
[aliengo_node-1] ONNX infer out: -0.433766, 0.144641, 0.879531, 0.108452, 0.0668485, 0.750462, -0.231845, 0.183155, -0.354, 0.211697, 0.0314434, 0.91553
[aliengo_node-1] [INFO] [1755679452.633610440] [aliengo_node]: Applying Joystick CmdVel: vx=0.39, vy=0.50, wz=-0.00
[aliengo_node-1] current joint pos: -0.0786035, 0.780274, -1.47317, 0.07232, 0.645014, -1.50811, 0.126122, 0.706644, -1.53047, -0.265742, 0.831356, -1.56744, 
[aliengo_node-1] current cmd pos: -0.000579149, 0.811998, -1.40285, -0.399435, 0.796156, -1.13264, 0.0812468, 0.694533, -0.954869, -0.00356752, 0.805295, -1.77191, 
[aliengo_node-1] 1.01655 1 -0.1724 0.0317656 0.0323584 -0.1318 0.0335836 0.000587525 -0.999436 0.029965 -0.0596058 0.022415 0.130713 0.0786139 -0.165536 -0.0221642 -0.0331852 -0.254814 -0.0490085 -0.123033 0.095701 -0.0502857 0.0292188 -0.00917969 0.0924688 -0.020183 -0.0252344 0.0753304 -0.00780804 -0.0270313 -0.0619732 -0.0216071 0.06375 -0.558173 0.276063 0.856387 0.369815 0.107123 -0.426129 0.21828 -0.0540617 -0.5286 0.114694 -0.218931 1.62191 
[aliengo_node-1] ONNX infer out: -0.569186, 0.238352, 0.832382, 0.391663, 0.111261, -0.252579, 0.177717, -0.0799646, -0.339732, 0.116977, -0.267841, 1.5936
[aliengo_node-1] [INFO] [1755679453.633766329] [aliengo_node]: Applying Joystick CmdVel: vx=0.00, vy=0.00, wz=-0.00
[aliengo_node-1] current joint pos: 0.0637942, 0.859461, -1.5447, -0.156217, 0.937818, -1.51946, 0.154983, 0.757695, -1.51383, -0.0789515, 0.730236, -1.62872, 
[aliengo_node-1] current cmd pos: 0.0241546, 0.804772, -1.54488, -0.18722, 0.628807, -1.18653, 0.207922, 0.743573, -1.26344, -0.0208662, 0.714284, -1.48969, 
[aliengo_node-1] 0 0.000616979 -0.000135428 0.00726452 -0.0139806 0.0157394 -0.0028429 -0.00129954 -0.999995 -0.14923 0.024063 -0.0384841 0.06739 -0.0734283 -0.0376021 -0.0691759 -0.214446 -0.0326936 0.163839 -0.123571 -0.0922117 -0.000540179 -0.0110982 0.0015625 -0.00108036 -0.00530357 -0.00636719 -0 -0.00937946 -0.00398437 0.000491071 -0.00977232 -0.00546875 -0.277788 -0.172273 0.480095 0.00154997 0.0351661 0.141089 -0.198399 -0.101354 0.253998 0.406213 -0.241365 0.534032 
[aliengo_node-1] ONNX infer out: -0.301605, -0.195039, 0.493034, -0.0206697, 0.0477033, 0.105883, -0.181998, -0.0928026, 0.219258, 0.431169, -0.236552, 0.543449
[aliengo_node-1] [INFO] [1755679454.633797882] [aliengo_node]: Applying Joystick CmdVel: vx=0.00, vy=0.00, wz=-0.00
[aliengo_node-1] current joint pos: 0.00193191, 0.780598, -1.55655, -0.161406, 0.719044, -1.54424, 0.192278, 0.602342, -1.65464, -0.0698351, 0.59821, -1.61369, 
[aliengo_node-1] current cmd pos: -0.0705921, 0.930462, -1.51094, -0.219154, 0.672549, -1.26049, 0.271586, 0.651843, -1.1231, -0.0877569, 0.848805, -1.48029, 
[aliengo_node-1] 0 0.000616979 -0.112134 0.0019382 -0.0174427 -0.082265 -0.0638636 -0.032521 -0.997429 -0.120923 -0.218246 -0.038484 -0.0523087 0.0966791 -0.102144 -0.0927375 -0.265475 -0.167492 0.192889 -0.376186 -0.154223 0.00530357 -0.0115402 -0.00132813 -0.00378125 0.0214107 -0.00375 -0.00633482 -0.000245536 -0.00910156 -0 -0.0104107 0.000234375 -0.382799 -0.245679 0.41959 -0.268961 0.585272 -0.0338735 -0.278834 0.300088 0.271675 0.544027 -0.576973 1.15087 
[aliengo_node-1] ONNX infer out: -0.377285, -0.239691, 0.414031, -0.26642, 0.586453, -0.0188702, -0.292052, 0.311167, 0.270509, 0.535588, -0.592431, 1.17632
[aliengo_node-1] [INFO] [1755679455.633990669] [aliengo_node]: Applying Joystick CmdVel: vx=0.00, vy=0.00, wz=-0.62
[aliengo_node-1] current joint pos: -0.112048, 1.07391, -1.60368, -0.0327776, 0.567771, -1.54032, 0.146557, 0.308441, -1.6314, -0.163313, 0.532368, -1.72713, 
[aliengo_node-1] current cmd pos: -0.106646, 1.11805, -1.41992, -0.0371079, 0.793245, -1.4374, 0.156239, 0.491225, -0.855267, -0.240332, 0.96057, -1.14626, 
[aliengo_node-1] 1.22264 0.654615 -0 -0.196201 -0.0731027 0.0564857 -0.0720009 0.0345196 -0.996807 -0.0110281 0.00478292 -0.100725 0.018419 0.145777 -0.154568 -0.151531 -0.284515 -0.212745 0.0547114 -0.215475 -0.188392 0 0.00913393 0.0137891 0.0802902 0.00810268 -0.19082 0.00441964 0.0182679 -0.00921875 0.0115402 0.0129643 0.0188672 -0.699575 0.58937 0.705764 0.0816953 0.239539 -0.769911 0.162016 0.342162 0.0468811 0.317025 0.270001 1.70387 
[aliengo_node-1] ONNX infer out: -0.687931, 0.599673, 0.734533, 0.101166, 0.169081, -0.812513, 0.0994777, 0.347619, 0.208135, 0.25722, 0.222901, 1.58773
[aliengo_node-1] [INFO] [1755679456.634004422] [aliengo_node]: Applying Joystick CmdVel: vx=0.80, vy=0.00, wz=-0.00
[aliengo_node-1] current joint pos: -0.0180693, 1.01287, -1.40902, -0.0279496, 0.775125, -1.45764, 0.145852, 0.825782, -1.61142, -0.328871, 0.707739, -1.60307, 
[aliengo_node-1] current cmd pos: -0.16896, 0.767393, -1.94306, -0.252811, 1.10162, -0.835011, 0.222278, 0.966355, -0.929663, 0.011247, 0.893685, -1.57753, 
[aliengo_node-1] 1.12226 0.0166584 -0.000135428 0.0328309 0.0270321 0.0141415 0.013921 -0.00314045 -0.999898 -0.0194051 -0.124572 0.0506402 0.0368733 0.115997 -0.103448 -0.0699617 -0.0255051 -0.330209 0.0976983 -0.053745 0.00561786 0 0.0419375 -0.0121484 -0.043067 -0.171826 -0.251797 0.0407098 -0.14354 -0.112344 0.00314286 0.0386964 -0.00457031 -0.525025 -0.0296992 0.846851 -0.0667518 -0.143381 -0.67576 0.0295102 -0.194996 -0.781671 0.551564 8.73171e-05 1.14903 
[aliengo_node-1] ONNX infer out: -0.498016, -0.0135484, 0.818761, -0.0653615, -0.277919, -0.450252, -0.0231477, -0.240661, -0.55112, 0.540402, -0.0330469, 1.14714
[aliengo_node-1] [INFO] [1755679457.634111463] [aliengo_node]: Applying Joystick CmdVel: vx=0.55, vy=0.01, wz=-0.00
[aliengo_node-1] current joint pos: 0.0529131, 0.963755, -1.51551, -0.0352962, 0.609407, -1.50673, 0.0573352, 0.695322, -1.56564, -0.0809562, 0.916632, -1.45983, 
[aliengo_node-1] current cmd pos: 0.159465, 0.867598, -1.11003, -0.0927512, 0.733823, -1.27025, 0.0905424, 0.72465, -1.30624, -0.166384, 0.828386, -1.32204, 
[aliengo_node-1] 1.47571 0.0160415 -0.031961 0.128438 -0.0272964 0.00348883 0.0334769 -0.0246658 -0.999135 -0.0245117 -0.271959 -0.0103356 0.0363027 0.15899 -0.0342273 -0.0710588 0.127098 0.0833904 0.0532025 -0.165477 -0.0663258 -0.0199375 0.109951 0.0144141 -0.00284821 0.0652634 0.00679688 -0.0113929 0.0524464 0.0434375 0.0147321 0.00839732 0.191875 -0.124847 -0.332982 0.598257 0.434519 0.237244 0.87131 -0.484601 0.0514553 0.773016 0.141473 -0.303718 0.325413 
[aliengo_node-1] ONNX infer out: -0.145954, -0.192391, 0.451548, 0.430238, 0.198271, 0.858498, -0.414026, 0.0879741, 0.481242, 0.160905, -0.29183, 0.508936
[aliengo_node-1] [INFO] [1755679458.634232734] [aliengo_node]: Applying Joystick CmdVel: vx=0.74, vy=0.01, wz=-0.80
[aliengo_node-1] current joint pos: 0.138699, 0.894309, -1.573, 0.0327121, 0.648275, -1.73065, 0.0211829, 0.655567, -1.86626, -0.225069, 0.939821, -1.41174, 
[aliengo_node-1] current cmd pos: 0.242572, 1.01165, -1.05708, 0.0328983, 0.545842, -1.46692, 0.0761909, 0.585297, -1.66495, -0.333448, 0.7974, -0.889952, 
[aliengo_node-1] 1.47571 0.0160415 -0.169827 0.0402877 -0.0211711 -0.1571 0.0546023 -0.0226418 -0.998251 0.0399174 -0.0927262 -0.0068841 0.139103 0.225202 -0.0526733 -0.229203 0.147731 -0.0937077 0.0742923 -0.147347 0.0182734 0.004125 0.0722366 0.01625 -0.0101652 0.0637411 -0.0659766 0.0956116 -0.105629 -0.576797 -0.00643304 0.0990982 0.000273438 -0.408465 0.0974312 0.984477 -0.0833143 0.137539 -0.520355 -0.0225728 0.0474292 -1.37238 0.370911 0.0448786 1.19421 
[aliengo_node-1] ONNX infer out: -0.298622, 0.00115509, 0.996542, -0.148608, 0.062274, -1.07858, 0.0723249, -0.0423404, -1.34595, 0.514862, 0.124726, 1.15281
[aliengo_node-1] [INFO] [1755679459.634400962] [aliengo_node]: Applying Joystick CmdVel: vx=0.74, vy=0.01, wz=-0.54
[aliengo_node-1] current joint pos: 0.117713, 1.02703, -1.59371, 0.0343077, 0.707968, -1.50136, 0.0692197, 0.694006, -1.49089, -0.175991, 0.915474, -1.77913, 
[aliengo_node-1] current cmd pos: -0.0748025, 0.802249, -2.06026, -0.135012, 0.805936, -1.00085, 0.26846, 0.852906, -0.918755, 0.0280707, 0.755991, -2.10682, 
[aliengo_node-1] 1.47571 0.0148075 -0 -0.136812 -0.00492582 -0.0215449 0.0505167 -0.0293384 -0.998292 0.000240076 0.0377709 -0.0254452 -0.00974073 -0.193415 -0.0762967 -0.0727609 -0.13608 -0.204653 0.106283 0.0877296 0.00638485 0.030692 0.0676205 0.00230469 -0.0020625 0.0916339 -0.0824609 -0.0110491 0.0116875 0.311602 0.0406116 0.0432143 0.0218359 -0.273719 0.208113 0.686095 0.163356 -0.327269 0.990097 -0.182593 -0.18752 0.189437 0.373061 -0.053172 0.774948 
[aliengo_node-1] ONNX infer out: -0.299182, 0.121601, 0.492021, 0.209347, -0.11266, 0.840994, -0.224253, -0.145767, 0.483313, 0.197719, -0.0166328, 0.349479
[aliengo_node-1] [INFO] [1755679460.634486048] [aliengo_node]: Applying Joystick CmdVel: vx=0.74, vy=0.01, wz=-0.63
[aliengo_node-1] current joint pos: 0.0163533, 0.670549, -1.67428, 0.0325839, 0.800571, -1.51198, 0.0154004, 0.822437, -1.48917, -0.0651152, 0.708401, -1.79884, 
[aliengo_node-1] current cmd pos: 0.0281276, 0.641516, -1.24241, -0.182737, 0.871854, -1.06649, 0.24334, 0.802797, -1.00697, -0.0532051, 0.692798, -1.50902, 
[aliengo_node-1] 0 0.000616979 -0.000135428 -0.129888 -0.112784 0.00828252 0.0637767 -0.0258033 -0.997631 0.0101875 -0.0398336 -0.0405933 0.0757597 0.165899 -0.0606884 -0.111489 -0.14013 -0.043048 0.0879415 -0.0198063 -0.0479181 0.030692 0.0198393 0.0238672 0.0320179 0.0163527 0.0342578 -0.0829911 0.0165982 0.19418 -0.0104107 -0.077933 -0.0721875 -0.0562779 -0.279891 0.108403 0.214503 -0.651119 0.546317 -0.402657 -0.26352 0.247285 0.096945 -0.197223 -0.327404 
[aliengo_node-1] ONNX infer out: -0.0584777, -0.160254, 0.158991, 0.298751, -0.49792, 0.489, -0.474805, -0.262279, 0.480552, 0.0801969, -0.173553, -0.243041
[aliengo_node-1] [INFO] [1755679461.634627649] [aliengo_node]: Applying Joystick CmdVel: vx=0.00, vy=0.00, wz=-0.00
[aliengo_node-1] current joint pos: 0.0885065, 0.915982, -1.54493, 0.0146541, 0.687875, -1.48123, 0.072651, 0.629931, -1.5799, -0.13443, 0.624274, -1.52621, 
[aliengo_node-1] current cmd pos: 0.201709, 0.728939, -1.28679, -0.0461458, 0.760104, -1.3565, 0.0607052, 0.720954, -1.42698, -0.215843, 0.698132, -1.16625, 
[aliengo_node-1] 0 0.00123396 -0.000135428 0.00460136 -0.0142469 2.672e-05 -0.0287064 -0.0339042 -0.999013 -0.021946 -0.0804021 0.00910771 0.0884705 0.0303308 -0.0453869 -0.134418 -0.248602 -0.054898 0.0755751 -0.238068 -0.10828 -0.000245536 0.00255357 0.00125 0 -0.0103125 -0.000390625 -0 -0.00530357 -0.00144531 -0 -0.00623661 0.00183594 -0.0560535 0.0384161 0.0719954 0.42107 -0.198383 0.418645 -0.461011 -0.255637 0.757175 0.120814 -0.120515 0.21012 
[aliengo_node-1] ONNX infer out: -0.0605906, 0.0398163, 0.0776886, 0.416674, -0.192567, 0.419543, -0.453174, -0.255981, 0.754494, 0.128633, -0.120915, 0.226333
[aliengo_node-1] [INFO] [1755679462.634745101] [aliengo_node]: Applying Joystick CmdVel: vx=0.00, vy=0.00, wz=-0.63
[aliengo_node-1] current joint pos: -0.0676123, 1.05225, -1.58105, -0.0121282, 0.667298, -1.51026, 0.0695351, 0.397782, -1.59793, -0.14711, 0.513649, -1.62358, 
[aliengo_node-1] current cmd pos: -0.0675416, 1.07544, -1.42749, -0.145626, 0.987015, -1.33881, 0.23756, 0.683602, -0.635673, -0.189454, 0.990802, -1.13563, 
[aliengo_node-1] 1.6 0.000616979 -0.000135428 -0.0305524 0.0470058 -0.0068975 0.0343625 -0.0149711 -0.999297 0.00362422 -0.245781 -0.130791 -0.0129517 0.276525 0.225974 -0.124914 -0.049128 0.00741994 0.0485785 -0.191752 -0.221641 -0.0433616 -0.0721875 0.332422 0 0.011442 0.0852734 0.0048125 0.0703214 0.0233203 0.0400223 -0.0309866 0.203164 -0.100899 -0.503908 0.531507 0.201598 -0.0614777 1.14838 -0.453989 0.210244 0.994929 0.167473 -0.332586 0.102369 
[aliengo_node-1] ONNX infer out: -0.246798, -0.330678, 0.949407, 0.182555, -0.112315, 1.06842, -0.313182, 0.184076, 0.681701, 0.21096, -0.213334, 0.387858
[aliengo_node-1] [INFO] [1755679463.634873465] [aliengo_node]: Applying Joystick CmdVel: vx=0.00, vy=0.00, wz=-0.00
[aliengo_node-1] current joint pos: 0.0111483, 0.765893, -1.58454, 0.0133718, 1.0027, -1.49147, 0.0837353, 0.725437, -1.67056, -0.0942587, 0.743279, -1.47172, 
[aliengo_node-1] current cmd pos: 0.252692, 0.674616, -1.16538, -0.0593396, 0.798885, -1.4805, 0.0348895, 0.772639, -1.56953, -0.236777, 0.716629, -1.16122, 
[aliengo_node-1] 1.6 0.00123396 -0.114572 0.000340301 -0.0214374 -0.055367 -0.029586 -0.0389032 -0.998805 0.0155526 0.0870053 0.0409762 0.0208934 -0.0863174 -0.0871112 -0.0796142 -0.132041 -0.010566 0.0838203 -0.162003 -0.0464225 0 0 0.0229688 0.0140446 0.043067 -0.00734375 -0 0.0117857 0.00605469 -0 0.00034375 0.0084375 -0.214571 0.389487 0.954006 0.184605 0.372232 0.0865668 -0.372894 0.224335 0.679741 0.340194 0.0530477 1.60311 
[aliengo_node-1] ONNX infer out: -0.252031, 0.435154, 0.873462, 0.132484, 0.366536, 0.0747824, -0.310418, 0.228419, 0.634926, 0.405222, 0.155107, 1.53993
[aliengo_node-1] [INFO] [1755679464.635007716] [aliengo_node]: Applying Joystick CmdVel: vx=0.80, vy=0.00, wz=-0.00
[aliengo_node-1] current joint pos: 0.0466565, 0.874492, -1.54474, 0.0737932, 1.0388, -1.24695, 0.0521157, 0.853718, -1.51463, -0.122433, 0.741311, -1.38739, 
[aliengo_node-1] current cmd pos: 0.315035, 0.91587, -0.914583, 0.0631001, 0.810329, -2.02713, -0.0677375, 0.797709, -2.0162, -0.336984, 0.898757, -0.76605, 
[aliengo_node-1] 0.116391 0.000616979 -0 0.00619926 -0.0158448 0.00348883 0.0370564 -0.0242424 -0.999019 0.0260628 -0.0963901 -0.00949192 0.0168888 -0.00883257 -0.0909462 -0.106651 -0.120142 0.000708818 0.114068 0.0134938 -0.0177369 0 -0.00427232 0.0090625 0 -9.82143e-05 0.000820313 -0.000491071 -0.00127679 0.0003125 -0.00770982 -0 0.00507813 -0.202573 -0.112217 0.512105 0.226243 -0.0505659 0.461351 -0.227793 -0.201848 0.34864 0.207807 -0.195785 0.336456 
[aliengo_node-1] ONNX infer out: -0.211009, -0.119247, 0.522745, 0.21548, -0.0348573, 0.44759, -0.214838, -0.209993, 0.354515, 0.222826, -0.18683, 0.335337
[aliengo_node-1] [INFO] [1755679465.635138474] [aliengo_node]: Applying Joystick CmdVel: vx=0.06, vy=0.00, wz=-0.00
[aliengo_node-1] current joint pos: 0.016745, 0.724894, -1.59098, 0.026087, 0.629452, -1.5029, 0.114692, 0.76425, -1.55271, -0.105404, 0.611044, -1.50048, 
[aliengo_node-1] current cmd pos: 0.0885653, 0.795701, -1.30526, -0.0992659, 0.714461, -1.21554, 0.125044, 0.69045, -1.31347, -0.105342, 0.674699, -1.27568, 
[aliengo_node-1] 1.16818 0.000616979 -0.000135428 -0.00871445 -0.0286279 -0.00130486 0.0142855 -0.024525 -0.999597 0.0252721 -0.163702 0.0010159 0.0163615 -0.0509527 -0.0909846 -0.103271 -0.179725 -0.000863552 0.116441 -0.0207661 -0.0633345 0 0.0267143 -0.00261719 0 0.0376652 -0.00113281 0.000638393 0.0226875 -0.00210938 9.82143e-05 0.0267634 0.00566406 -0.237798 0.252059 0.630292 0.16952 0.465799 0.379663 -0.224516 0.0737315 0.834141 0.324751 0.081135 0.733497 
[aliengo_node-1] ONNX infer out: -0.251677, 0.225573, 0.611502, 0.155163, 0.392721, 0.333732, -0.212979, 0.0505088, 0.773956, 0.3344, 0.0793846, 0.69984
[aliengo_node-1] [INFO] [1755679466.635284628] [aliengo_node]: Applying Joystick CmdVel: vx=0.00, vy=0.00, wz=-0.00
[aliengo_node-1] current joint pos: 0.03894, 1.00431, -1.44177, 0.0575936, 0.915087, -1.41784, 0.0971892, 0.755498, -1.76609, -0.124795, 0.691388, -1.46792, 
[aliengo_node-1] current cmd pos: 0.201657, 0.40848, -1.21215, -0.0404266, 0.651288, -1.52124, 0.00236678, 0.688496, -1.80336, -0.280247, 0.718898, -1.32051, 
[aliengo_node-1] -1.02886 0.000616979 -0.000135428 -0.0284218 -0.0147795 0.0125436 0.011142 -0.0288501 -0.999522 0.0452983 0.0558311 0.0655199 0.0275308 0.155408 0.0257132 -0.123895 -0.154037 -0.038868 0.0855458 -0.0916983 -0.152651 0.00869196 -0.0296116 -0.0159375 0 -0.0253393 -0.0102734 0.010067 -0.0338348 -0.00324219 -0.00132589 0.0470938 -0.05125 -0.0349126 -0.293295 0.246085 0.342755 -1.01294 0.407254 -0.395907 -0.534156 0.291166 0.0794048 -0.021142 -0.445294 
[aliengo_node-1] ONNX infer out: -0.0275813, -0.147072, 0.25397, 0.369568, -0.881114, 0.358341, -0.410624, -0.53675, 0.417715, 0.08715, 0.0440513, -0.410548
[aliengo_node-1] [INFO] [1755679467.635514815] [aliengo_node]: Applying Joystick CmdVel: vx=-0.75, vy=0.00, wz=-0.00
[aliengo_node-1] current joint pos: 0.0506361, 1.05187, -1.56372, -0.0244591, 0.330107, -1.47847, 0.0515707, 0.63676, -1.74603, -0.0421265, 0.938859, -1.68651, 
[aliengo_node-1] current cmd pos: 0.189702, 0.603696, -1.13, 0.0250917, 0.922109, -1.5543, -0.0627594, 1.08669, -1.97431, -0.267673, 0.569743, -1.24324, 
[aliengo_node-1] 0 0.000616979 -0.000135428 -0.0992619 -0.21931 -0.0811997 -0.17383 0.0675511 -0.982456 -0.0527068 -0.0582724 -0.00389278 -0.0129288 0.178569 -0.192496 -0.0469327 -0.421533 -0.151731 5.05585e-05 -0.286736 -0.170176 -0.0893259 -0.0502857 0.0366406 -0.00500893 0.0414955 -0.0185156 0.00471429 -0.00250446 -0.00164063 4.91071e-05 -0.00834821 -0.00457031 -0.840384 -0.184631 0.604052 -0.0840509 0.471157 -0.501994 -0.209585 0.3958 0.593139 0.794917 -0.0922416 0.894249 
[aliengo_node-1] ONNX infer out: -0.752536, -0.0981761, 0.573124, -0.0288449, 0.428743, -0.489611, -0.295795, 0.283553, 0.88443, 0.766718, 0.00680243, 0.777004
[aliengo_node-1] [INFO] [1755679468.635632559] [aliengo_node]: Applying Joystick CmdVel: vx=0.00, vy=0.00, wz=-0.00
[aliengo_node-1] current joint pos: 0.0115181, 0.977627, -1.58742, -0.139959, 1.02477, -1.55225, 0.0238875, 0.380439, -1.64625, -0.0482063, 0.496541, -1.7728, 
[aliengo_node-1] current cmd pos: 0.349614, 0.925339, -1.31168, 0.125645, 1.06908, -1.71197, 0.0879379, 1.08479, -1.69927, -0.237876, 0.824494, -0.873418, 
[aliengo_node-1] 1.6 0.00123396 -0.000135428 0.0448151 0.0997364 -0.0236754 -0.179558 -0.00499696 -0.983735 -0.222393 0.292667 0.124885 -0.0487959 0.00781626 -0.113304 -0.0206159 -0.421989 -0.00688446 0.0718361 -0.457223 -0.0154359 0.004125 0 -0.0120313 0.00672768 0.0267143 0.0617188 -0 -4.91071e-05 0.008125 -0 -0.00216071 -0.00214844 -0.358365 0.638615 0.189917 -0.127986 0.142393 -0.0339187 -0.377969 0.177533 1.65776 0.527333 0.279206 1.75861 
[aliengo_node-1] ONNX infer out: -0.333107, 0.602585, 0.153472, -0.10124, 0.177709, 0.000743695, -0.386058, 0.198777, 1.60162, 0.511651, 0.237943, 1.84171
[aliengo_node-1] [INFO] [1755679469.635778077] [aliengo_node]: Applying Joystick CmdVel: vx=0.80, vy=0.00, wz=-0.00
[aliengo_node-1] current joint pos: -0.0142825, 0.936515, -1.42558, -0.159122, 1.11578, -1.35502, 0.0748182, 0.471892, -1.49442, -0.0137968, 0.470953, -1.41511, 
[aliengo_node-1] current cmd pos: 0.253458, 0.936246, -0.931807, 0.0807849, 0.832082, -1.94497, -0.046738, 0.77577, -1.77768, -0.318973, 0.956072, -0.634099, 
[aliengo_node-1] 0.00106781 0.000616979 -0.000135428 -0.0334818 0.000134187 0.0250604 0.037899 -0.0278446 -0.998894 0.0264945 -0.201913 -0.0265573 0.0395512 0.272593 0.238323 -0.158685 0.101952 -0.225438 0.148488 -0.0811233 -0.0204214 0 -0.0198393 -0.00195312 0.00324107 -0 -0.0205859 0.00672768 0.0147321 0.00527344 0.0120313 -0.0158616 -0.00171875 -0.320219 -0.164455 0.801758 0.111879 -0.149626 0.245151 -0.208031 0.277068 -0.458334 0.412872 -0.204148 0.631226 
[aliengo_node-1] ONNX infer out: -0.337773, -0.16568, 0.806413, 0.10798, -0.102826, 0.220113, -0.193794, 0.2602, -0.441703, 0.432404, -0.193774, 0.66166
[aliengo_node-1] [INFO] [1755679470.635897805] [aliengo_node]: Applying Joystick CmdVel: vx=0.58, vy=0.00, wz=-0.00
[aliengo_node-1] current joint pos: 0.0163854, 1.05691, -1.34869, 0.00570187, 0.590805, -1.48054, 0.142207, 0.668127, -1.59984, -0.128222, 0.798827, -1.57879, 
[aliengo_node-1] current cmd pos: 0.128081, 0.864499, -1.09352, -0.0552244, 0.718365, -1.28344, 0.126451, 0.776906, -1.42763, -0.173267, 0.923366, -1.05564, 
[aliengo_node-1] 1.6 0.000616979 -0.000135428 0.0112593 0.0107868 0.0101467 -0.00662663 -0.00794685 -0.999946 0.000728416 -0.141613 0.0217248 0.0171764 0.268016 0.239051 -0.114308 0.0421051 -0.0552049 0.153077 -0.061187 -0.0924418 0 0.0397768 -0.00371094 4.91071e-05 0.00441964 0.0486719 9.82143e-05 0.0397277 0.00640625 -0 0.041692 0.0107422 -0.160573 0.132716 0.522107 0.180648 0.204887 1.00497 -0.300599 0.409572 0.777666 0.358357 0.199169 0.516066 
[aliengo_node-1] ONNX infer out: -0.190599, 0.165339, 0.579891, 0.191007, 0.13227, 1.02344, -0.300153, 0.413015, 0.604701, 0.350557, 0.194792, 0.549469
[aliengo_node-1] [INFO] [1755679471.635918070] [aliengo_node]: Applying Joystick CmdVel: vx=0.00, vy=0.00, wz=-0.00
[aliengo_node-1] current joint pos: 0.0247733, 0.833138, -1.5998, 0.0125201, 0.825215, -1.5911, 0.0300024, 0.691601, -1.80996, -0.0714058, 0.807347, -1.40307, 
[aliengo_node-1] current cmd pos: 0.189135, 0.594038, -1.26643, -0.0443695, 0.547705, -1.24983, 0.0470516, 0.687748, -1.56448, -0.156099, 0.597033, -1.38012, 
[aliengo_node-1] 1.6 0.00185094 -0.000135428 0.000606617 -0.0147795 -0.00343539 -0.00786919 -0.0217746 -0.999732 0.0130125 -0.00648063 -0.0135953 0.0204481 0.162855 -0.0179287 -0.0745206 0.0387248 0.0530175 0.0930961 -0.152004 0.00136113 0.000638393 0.0272054 0.00933594 9.82143e-05 0.00834821 0.0340234 0.00613839 0.0334911 -0.006875 -0 0.0324107 -0.00660156 -0.195221 0.370363 0.461231 0.257507 0.590322 0.79047 -0.329152 0.24479 0.76415 0.326818 0.237727 1.02297 
[aliengo_node-1] ONNX infer out: -0.207115, 0.380865, 0.498281, 0.254788, 0.579166, 0.762545, -0.329131, 0.241607, 0.633342, 0.327699, 0.236108, 1.04911
[aliengo_node-1] [INFO] [1755679472.636194757] [aliengo_node]: Applying Joystick CmdVel: vx=0.00, vy=0.00, wz=-0.00
[aliengo_node-1] current joint pos: 0.0247864, 0.734051, -1.54658, 0.0190163, 1.03378, -1.43954, 0.0546978, 0.729426, -1.73805, -0.102049, 0.723816, -1.44257, 
[aliengo_node-1] current cmd pos: 0.247587, 0.696848, -1.18943, -0.0745945, 0.764055, -1.42069, 0.0452236, 0.788215, -1.6087, -0.245958, 0.695235, -1.10118, 
[aliengo_node-1] 1.11479 0.000616979 -0.000135428 0.0187161 -0.00412687 -0.0108922 -0.0103889 -0.0427782 -0.999031 -0.0182764 0.100317 -0.169755 0.0296879 -0.050402 -0.0449651 -0.0995679 -0.0777369 0.0561239 0.0898244 -0.023845 -0.047573 0.0166964 -0.134996 -0.126094 0 0.0299062 0.00460938 -0 0.0386473 0.00730469 -0 0.0347187 -0.0898438 0.0765266 -0.103609 -0.569334 0.496321 0.43801 0.992505 -0.460195 0.162311 1.2901 0.0343639 0.0158777 -0.286564 
[aliengo_node-1] ONNX infer out: 0.0677837, -0.218747, -0.527315, 0.459485, 0.350658, 1.02251, -0.439947, 0.127998, 1.21538, 0.0363467, -0.0261258, -0.416738
[aliengo_node-1] [INFO] [1755679473.636316426] [aliengo_node]: Applying Joystick CmdVel: vx=0.00, vy=0.00, wz=-0.00
[aliengo_node-1] current joint pos: 0.0587976, 0.862281, -1.54688, -0.0279618, 0.62968, -1.5162, 0.0663713, 0.69926, -1.56644, -0.0768938, 0.845121, -1.46106, 
[aliengo_node-1] current cmd pos: 0.175623, 0.78412, -1.20162, -0.0766427, 0.749252, -1.339, 0.0763629, 0.726744, -1.38041, -0.170173, 0.695756, -1.25677, 
[aliengo_node-1] 0 0.00123396 -0.000135428 -0.00605129 0.0118521 -0.00423434 -0.00116408 -0.00875165 -0.999961 -0.0113876 0.115109 -0.00186026 0.0258173 -0.0950466 -0.0389442 -0.116142 -0.151779 0.0201136 0.0937315 0.0560743 -0.0288199 0 0.0104598 -0.0124219 0.00201339 0.00240625 -0.00496094 0.000491071 0.00225893 0.000429688 0.00127679 0.000196429 -0.00527344 -0.159883 -0.0939683 0.276637 0.251963 -0.253749 0.561667 -0.288324 -0.238237 0.470039 0.166316 -0.163167 0.073312 
[aliengo_node-1] ONNX infer out: -0.193288, -0.0329804, 0.365732, 0.23639, -0.118546, 0.556925, -0.274961, -0.213016, 0.544551, 0.178767, -0.123947, 0.16228
[aliengo_node-1] [INFO] [1755679474.636516615] [aliengo_node]: Applying Joystick CmdVel: vx=0.80, vy=0.00, wz=-0.00
[aliengo_node-1] current joint pos: 0.0277704, 0.77274, -1.53492, -0.0120707, 0.931745, -1.44668, 0.104733, 0.8997, -1.50895, -0.107981, 0.700548, -1.49362, 
[aliengo_node-1] current cmd pos: 0.064371, 0.905986, -1.2838, -0.149915, 1.05302, -0.967642, 0.220136, 0.929559, -0.94114, -0.103676, 0.822333, -1.37894, 
[aliengo_node-1] 0.746396 0.000616979 -0 0.00912873 0.0398153 -0.000772228 0.0366279 -0.0167269 -0.999189 -0.0320119 -0.0745252 0.00910771 0.00198122 -0.125058 -0.163043 -0.0380459 -0.119428 -0.234681 0.0551061 -0.0108777 0.0450796 0.00309375 0.0508259 0.00496094 0.00515625 -0.119281 0.270273 -0.0505312 -0.0428705 0.272656 -0 0.0371741 -0.00371094 -0.302449 -0.347183 0.769151 -0.0191297 -0.401539 0.279725 -0.120408 -0.269064 -0.070766 0.422662 -0.261515 0.752694 
[aliengo_node-1] ONNX infer out: -0.25901, -0.243967, 0.679881, 0.0749838, -0.326992, 0.556004, -0.152663, -0.264895, 0.061608, 0.33408, -0.216418, 0.606119
[aliengo_node-1] [INFO] [1755679475.636616959] [aliengo_node]: Applying Joystick CmdVel: vx=0.00, vy=0.00, wz=-0.00
[aliengo_node-1] current joint pos: 0.0302392, 0.646302, -1.53081, -0.0102971, 0.774161, -1.50777, 0.0751317, 0.832201, -1.51716, -0.0830044, 0.645727, -1.52625, 
[aliengo_node-1] current cmd pos: 0.0584603, 0.764947, -1.31314, -0.135229, 0.696008, -1.20694, 0.159073, 0.672961, -1.29584, -0.0776189, 0.700492, -1.40323, 
[aliengo_node-1] 0.779498 0.000616979 -0.000135428 0.00593294 0.101068 -0.0122238 0.0174916 -0.00915113 -0.999805 -0.0108595 0.0797808 0.0198456 0.0303228 -0.0307615 -0.0292034 -0.0800339 -0.0263765 -0.0341892 0.0804045 0.148065 -0.0114477 0.00741518 0.0118839 0.0040625 -0.00250446 0.0240625 0.000546875 -0.00775893 0.010067 0.0253906 -0.00250446 0.00108036 -0.0337109 -0.167497 -0.234007 0.446908 0.257176 -0.228553 0.668298 -0.215189 -0.160169 0.29374 0.189666 -0.0629697 -0.110386 
[aliengo_node-1] ONNX infer out: -0.125252, -0.234275, 0.39747, 0.272481, -0.178585, 0.786281, -0.287307, -0.11929, 0.371433, 0.150677, -0.0188789, -0.360476
[aliengo_node-1] [INFO] [1755679476.636769902] [aliengo_node]: Applying Joystick CmdVel: vx=0.00, vy=0.00, wz=-0.00
[aliengo_node-1] current joint pos: 0.0285494, 0.756208, -1.52924, -0.017188, 0.864282, -1.479, 0.0741131, 0.664097, -1.56794, -0.0839525, 0.757096, -1.52828, 
[aliengo_node-1] current cmd pos: 0.13467, 1.07969, -1.14328, -0.0363821, 0.912882, -1.38893, 0.0988488, 0.82515, -1.08907, -0.233512, 0.887942, -1.02381, 
[aliengo_node-1] 1.6 0.000616979 -0.000135428 0.00220451 0.0342227 0.0146741 0.0213683 -0.029253 -0.999344 -0.0170921 -0.0435451 -0.0194243 -0.0101989 0.0322555 -0.315483 -0.0334635 -0.0448806 -0.435172 0.0727232 0.0830898 -0.0111409 0 0.0494509 -0.008125 -0.0236696 -0.26292 0.0634766 -0.00584375 -0.0997366 0.170508 -0 0.0275 0.0465234 -0.424073 0.3191 0.928954 -0.0830679 -0.480037 -0.497514 -0.0760111 -0.231687 -0.524393 0.502747 0.0786703 1.33449 
[aliengo_node-1] ONNX infer out: -0.379277, 0.29457, 0.951775, -0.0561252, -0.495629, -0.00966427, -0.114538, -0.245632, -0.202576, 0.529007, 0.0637531, 1.24463
[aliengo_node-1] [INFO] [1755679477.636936445] [aliengo_node]: Applying Joystick CmdVel: vx=0.80, vy=0.00, wz=-0.00
[aliengo_node-1] current joint pos: 0.018255, 0.983734, -1.46735, -0.0117951, 0.696271, -1.51659, 0.0784277, 0.769769, -1.51962, -0.0862281, 0.971674, -1.63704, 
[aliengo_node-1] current cmd pos: -0.0220315, 0.812842, -1.84829, -0.261617, 0.955555, -1.00623, 0.259822, 0.901146, -0.879055, 0.0414028, 0.802245, -2.08091, 
[aliengo_node-1] 0.00106781 0.000616979 -0.000135428 0.0213793 -0.0182416 0.0029562 0.0373502 -0.0160799 -0.999173 -0.0153065 0.137422 0.0106801 0.0148515 -0.0290872 -0.0334603 -0.0722559 -0.0186723 0.0152433 0.083808 -0.108123 -0.0803233 0 -0.0101652 0.000117188 0 -0.0162545 -0 -0 -0.00825 0.00335938 -0.00491071 -0.0127188 -0.00957031 -0.195742 -0.0693647 0.251072 0.361213 -0.136424 0.622161 -0.345743 -0.151298 0.419317 0.135384 -0.160132 0.201611 
[aliengo_node-1] ONNX infer out: -0.196967, -0.0593543, 0.242804, 0.365365, -0.133456, 0.617785, -0.353346, -0.149156, 0.426263, 0.129225, -0.171561, 0.220486
[aliengo_node-1] [INFO] [1755679478.637100774] [aliengo_node]: Applying Joystick CmdVel: vx=0.80, vy=0.00, wz=-0.00
[aliengo_node-1] current joint pos: 0.0230969, 0.858561, -1.52268, -0.0108483, 0.834879, -1.69426, 0.0634904, 0.786869, -1.69388, -0.065341, 0.808478, -1.39736, 
[aliengo_node-1] current cmd pos: 0.223951, 0.990004, -0.899051, 0.012035, 0.586651, -1.84679, -0.0236993, 0.741928, -1.9198, -0.222482, 0.868191, -0.817283, 
[aliengo_node-1] 0 0.00123396 -0 -0.0012576 -0.01185 0.00375515 0.0410562 -0.00591234 -0.999139 -0.00286685 -0.099782 -0.0418588 0.0115917 -0.100249 -0.0576204 -0.101905 -0.144327 -0.0233747 0.0933957 -0.0102715 -0.0201145 0 -0.00525446 0.00445313 0 -0.00810268 0.00261719 0.00770982 -0.0110491 -0.000664063 -0 -0.0101652 -0.0122656 -0.230029 -0.186654 0.542623 0.135066 -0.0507292 0.40799 -0.176493 -0.213953 0.285113 0.262246 -0.241218 0.392792 
[aliengo_node-1] ONNX infer out: -0.22991, -0.197792, 0.544887, 0.133325, -0.0466804, 0.393463, -0.174882, -0.215653, 0.289074, 0.27094, -0.245521, 0.395374
[aliengo_node-1] [INFO] [1755679479.637163308] [aliengo_node]: Applying Joystick CmdVel: vx=0.80, vy=0.00, wz=-0.00
[aliengo_node-1] current joint pos: 0.0163974, 0.909109, -1.49676, -0.00734895, 0.868099, -1.5205, 0.0953595, 0.971421, -1.58385, -0.100647, 0.835095, -1.50819, 
[aliengo_node-1] current cmd pos: 0.238377, 0.981655, -0.914534, 0.0298137, 0.72497, -1.71778, 0.00842772, 0.831453, -1.99354, -0.267834, 0.952244, -0.848706, 
[aliengo_node-1] 0 0.00123396 -0.000135428 -0.00365444 -0.0254322 -0.00343539 0.0273806 -0.00329723 -0.99962 0.00101604 -0.203075 -0.0232209 0.0236116 0.179163 0.0260966 -0.113841 -0.0927591 -0.0498743 0.113205 -0.138574 -0.0628359 0 -0.0205268 0.0084375 -0.00392857 -0.0160089 -0.000195313 -0 -0.0104107 -7.8125e-05 -0.00225893 -0.00378125 -0.00949219 -0.130097 -0.228986 0.533328 0.25541 -0.103486 0.477011 -0.313371 -0.190991 0.529645 0.202305 -0.115467 0.126832 
[aliengo_node-1] ONNX infer out: -0.112865, -0.23103, 0.515499, 0.266839, -0.113706, 0.49528, -0.32736, -0.20148, 0.558126, 0.185897, -0.112279, 0.0846253
[aliengo_node-1] [INFO] [1755679480.637418488] [aliengo_node]: Applying Joystick CmdVel: vx=0.00, vy=0.00, wz=-0.00
[aliengo_node-1] current joint pos: 0.0232284, 0.918032, -1.47479, -0.000805565, 0.574541, -1.50508, 0.0950615, 0.693712, -1.63022, -0.115735, 0.648399, -1.56184, 
[aliengo_node-1] current cmd pos: 0.183112, 0.685625, -1.20944, -0.00420615, 0.738986, -1.36685, 0.0471557, 0.776638, -1.59844, -0.230519, 0.676352, -1.12473, 
[aliengo_node-1] 0 0.000616979 -0.000135428 0.00380241 -0.01185 0.00428778 -0.0205424 0.00300662 -0.999784 -0.000218338 -0.200148 -0.00627041 0.0231805 0.0519267 0.0251379 -0.11589 -0.220726 -0.0622611 0.0890814 -0.1066 -0.14291 0 0.010558 0.001875 0 -0.00667857 -0.00769531 -0 -0.0150268 0.0021875 -0 -0 -0.0021875 0.0309787 -0.00708587 0.177844 0.372921 -0.213171 0.543849 -0.481957 -0.305131 0.865451 0.104881 -0.00991516 -0.164558 
[aliengo_node-1] ONNX infer out: 0.0286612, 0.00300963, 0.1735, 0.372849, -0.210746, 0.539108, -0.487163, -0.30308, 0.869302, 0.104076, -0.0115946, -0.151473
[aliengo_node-1] [INFO] [1755679481.637572269] [aliengo_node]: Applying Joystick CmdVel: vx=0.00, vy=0.00, wz=-0.00
[aliengo_node-1] current joint pos: 0.0231562, 0.772447, -1.48134, 4.53154e-05, 0.670103, -1.50926, 0.0898004, 0.615573, -1.65357, -0.116645, 0.489188, -1.56222, 
[aliengo_node-1] current cmd pos: 0.181732, 0.720221, -1.29105, 0.0155191, 0.847707, -1.42544, 0.0725255, 0.785824, -1.4704, -0.246666, 0.61903, -0.999627, 
[aliengo_node-1] 1.6 0.000616979 -0.000135428 -0.0337482 0.00306366 -0.0175501 -0.0881963 -0.00457129 -0.996093 -0.0178594 -0.0719371 -0.0165864 -0.0772964 0.0576783 -0.0739574 -0.108772 -0.364283 -0.0969675 0.101437 -0.261698 -0.151423 -0.00500893 0.0439509 -0.00558594 -0.0122277 -0.0149286 0.000585938 0.00250446 0.0131116 0.00558594 -0 0.0202321 0.0134375 -0.437801 0.718029 0.521021 -0.265106 0.12081 -0.141155 -0.212717 0.254245 1.1104 0.635462 0.441893 1.68751 
[aliengo_node-1] ONNX infer out: -0.43423, 0.709381, 0.541433, -0.252424, 0.147028, -0.123137, -0.209086, 0.268291, 1.15826, 0.620015, 0.451795, 1.65003
[aliengo_node-1] [INFO] [1755679482.637740387] [aliengo_node]: Applying Joystick CmdVel: vx=0.54, vy=0.00, wz=-0.00
[aliengo_node-1] current joint pos: -0.0130835, 1.00533, -1.47279, -0.0126098, 1.02346, -1.37592, 0.102804, 0.816252, -1.48598, -0.087572, 0.710379, -1.72433, 
[aliengo_node-1] current cmd pos: 0.0516124, 0.473154, -1.34577, -0.0988676, 0.453345, -1.19112, 0.266289, 0.759371, -1.4194, -0.103253, 0.640571, -1.54097, 
[aliengo_node-1] 0.00106781 0.00123396 -0.000135428 0.00886242 -0.000664761 0.00242356 0.0262108 -0.0213758 -0.999428 -0.0379207 0.0540934 -0.0833147 0.0766901 -0.110029 -0.0972356 -0.0991003 -0.0544344 -0.0625679 0.0396227 -0.112775 -0.0734971 4.91071e-05 -0.0310848 0.0147656 0 -0.0214107 -0.00078125 0.00329018 -0.0205759 -0.00421875 0.001375 -0.0301027 0.0230859 -0.261768 0.0479267 0.302617 0.243187 0.0798546 0.539025 -0.257413 -0.0702227 0.347259 0.224125 -0.286644 0.613322 
[aliengo_node-1] ONNX infer out: -0.26385, -0.000166193, 0.372599, 0.194231, 0.121646, 0.46589, -0.220449, -0.0645246, 0.269392, 0.262769, -0.327002, 0.647017
[aliengo_node-1] [INFO] [1755679483.637916049] [aliengo_node]: Applying Joystick CmdVel: vx=0.00, vy=0.00, wz=-0.00
[aliengo_node-1] current joint pos: 0.0346848, 0.696349, -1.59904, -0.0426665, 0.719956, -1.56759, 0.0578265, 0.577619, -1.57181, -0.0816755, 0.649921, -1.60817, 
[aliengo_node-1] current cmd pos: -0.0270543, 0.91968, -1.47443, -0.178161, 0.645079, -1.23352, 0.21573, 0.58869, -1.13801, -0.0809196, 0.804271, -1.42274, 
[aliengo_node-1] 0 0.00123396 -0.000135428 0.00646557 -0.0187743 0.00162462 -0.0307992 -0.0127099 -0.999445 -0.0515228 -0.223064 -0.0417055 -0.00908105 -0.0136026 -0.099383 -0.0868766 -0.28036 -0.115912 0.0579943 -0.353081 -0.0729603 0 -0.011442 0.0163672 0 -0.00201339 -0.000273438 -4.91071e-05 -0.0105089 0.00199219 -0 -0.0163036 -0.00679688 -0.282182 -0.334757 0.517582 -0.0400976 0.263782 0.120849 -0.320919 -0.100012 0.613761 0.404434 -0.451961 0.766942 
[aliengo_node-1] ONNX infer out: -0.250036, -0.317038, 0.508117, -0.0215657, 0.234526, 0.149711, -0.332294, -0.134226, 0.671264, 0.382928, -0.427379, 0.728637
[aliengo_node-1] [INFO] [1755679484.704454592] [aliengo_node]: Applying Joystick CmdVel: vx=0.00, vy=0.00, wz=-0.00
[aliengo_node-1] current joint pos: -0.0822213, 0.959078, -1.63624, -0.0412643, 0.761013, -1.59175, 0.0704219, 0.39016, -1.66105, -0.080501, 0.71141, -1.80459, 
[aliengo_node-1] current cmd pos: -0.150334, 1.15366, -1.46039, -0.204257, 0.813358, -1.464, 0.330838, 0.55312, -0.771793, -0.168378, 1.01955, -1.34793, 
[aliengo_node-1] 0 0.00123396 -0.000135428 -0.00764918 -0.0371501 -0.000505912 -0.114833 -0.0102882 -0.993331 0.0647964 -0.00544101 -0.135854 -0.0815377 0.0938587 -0.117867 -0.0777926 -0.301993 -0.278744 0.0416119 -0.185339 -0.368367 0.00613839 0 -0.00621094 0 -0.0115402 -0.000703125 -0 -0.0267634 0.000507813 -0 -0.021067 0.00273437 0.190795 0.315958 -0.0547629 0.416721 0.0206649 0.0954784 -0.629274 -0.249636 1.17317 0.14437 0.249172 0.060997 
[aliengo_node-1] ONNX infer out: 0.185604, 0.332147, -0.0481158, 0.404298, 0.0441156, 0.077283, -0.62008, -0.250741, 1.2008, 0.16384, 0.256045, 0.115672
[aliengo_node-1] current joint pos: -0.109086, 1.1104, -1.653, 0.0642598, 0.702748, -1.62266, 0.0470167, 0.338688, -1.74051, -0.0664193, 0.679062, -1.94184, 
[aliengo_node-1] current cmd pos: 0.16323, 0.859416, -1.40921, 0.2075, 0.811197, -1.62924, 0.0923658, 0.928607, -1.40215, -0.330377, 0.86086, -0.975636, 
[aliengo_node-1] [INFO] [1755679485.771075800] [aliengo_node]: Applying Joystick CmdVel: vx=0.00, vy=0.00, wz=-0.00
^C[WARNING] [launch]: user interrupted with ctrl-c (SIGINT)
[aliengo_node-1] [INFO] [1755679486.121064043] [rclcpp]: signal_handler(signal_value=2)
[aliengo_node-1] [Loop End] named: udp_send
[aliengo_node-1] [Warning] Loop udp_send shutdown nothing.
[aliengo_node-1] [Loop End] named: udp_recv
[aliengo_node-1] [Warning] Loop udp_recv shutdown nothing.
[aliengo_node-1] [Loop End] named: control_loop
[aliengo_node-1] [Warning] Loop control_loop shutdown nothing.
[aliengo_node-1] [SDK1] dtor: stopping...
[aliengo_node-1] End Safety.
[aliengo_node-1] Closing UDP.
[INFO] [aliengo_node-1]: process has finished cleanly [pid 49810]
nhy@nhy-ThinkPad-P16-Gen-2:~/Projects/Legged$ ^C
nhy@nhy-ThinkPad-P16-Gen-2:~/Projects/Legged$ ^C
nhy@nhy-ThinkPad-P16-Gen-2:~/Projects/Legged$ ^C
nhy@nhy-ThinkPad-P16-Gen-2:~/Projects/Legged$ 